Component: ARM Compiler 5.06 update 6 (build 750) Tool: armlink [4d35ed]

==============================================================================

Section Cross References

    i2c.o(i.i2c_busy) refers to i2c.o(.data) for lock_detect
    i2c.o(i.i2c_read_byte) refers to i2c.o(i.i2c_wait) for i2c_wait
    i2c.o(i.i2c_read_setup) refers to i2c.o(i.i2c_wait) for i2c_wait
    i2c.o(i.i2c_repeated_read) refers to i2c.o(i.i2c_wait) for i2c_wait
    i2c.o(i.i2c_repeated_read) refers to i2c.o(.data) for lock_detect
    i2c.o(i.i2c_wait) refers to i2c.o(i.i2c_busy) for i2c_busy
    i2c.o(i.i2c_wait) refers to i2c.o(.data) for lock_detect
    i2c.o(i.i2c_write_byte) refers to i2c.o(i.i2c_wait) for i2c_wait
    main.o(i.SysTick_Handler) refers to _printf_percent.o(.ARM.Collect$$_printf_percent$$00000000) for _printf_percent
    main.o(i.SysTick_Handler) refers to _printf_d.o(.ARM.Collect$$_printf_percent$$00000009) for _printf_d
    main.o(i.SysTick_Handler) refers to _printf_dec.o(.text) for _printf_int_dec
    main.o(i.SysTick_Handler) refers to leds.o(i.Control_RGB_LEDs) for Control_RGB_LEDs
    main.o(i.SysTick_Handler) refers to uart.o(i.UART_data_packet) for UART_data_packet
    main.o(i.SysTick_Handler) refers to noretval__2printf.o(.text) for __2printf
    main.o(i.SysTick_Handler) refers to delay.o(i.Delay) for Delay
    main.o(i.SysTick_Handler) refers to uart.o(i.UART0_Transmit_Poll_xyz) for UART0_Transmit_Poll_xyz
    main.o(i.SysTick_Handler) refers to main.o(.data) for switch_Val
    main.o(i.SysTick_Handler) refers to mma8451.o(.data) for xyz_data
    main.o(i.SysTick_Handler) refers to main.o(.conststring) for .conststring
    main.o(i.init_SysTick) refers to main.o(i.__NVIC_SetPriority) for __NVIC_SetPriority
    main.o(i.main) refers to uart.o(i.Init_UART0) for Init_UART0
    main.o(i.main) refers to leds.o(i.Init_RGB_LEDs) for Init_RGB_LEDs
    main.o(i.main) refers to i2c.o(i.i2c_init) for i2c_init
    main.o(i.main) refers to main.o(i.init_SysTick) for init_SysTick
    main.o(i.main) refers to mma8451.o(i.init_mma) for init_mma
    main.o(i.main) refers to leds.o(i.Control_RGB_LEDs) for Control_RGB_LEDs
    main.o(i.main) refers to delay.o(i.Delay) for Delay
    main.o(i.main) refers to noretval__2printf.o(.text) for __2printf
    main.o(i.main) refers to mma8451.o(i.read_full_xyz) for read_full_xyz
    main.o(i.main) refers to mma8451.o(i.convert_xyz_to_roll_pitch) for convert_xyz_to_roll_pitch
    main.o(i.main) refers to f2d.o(.text) for __aeabi_f2d
    main.o(i.main) refers to drlef.o(x$fpl$drleqf) for __aeabi_cdrcmple
    main.o(i.main) refers to main.o(.data) for switch_Val
    main.o(i.main) refers to mma8451.o(.data) for pitch
    mma8451.o(i.convert_xyz_to_roll_pitch) refers to dflti.o(.text) for __aeabi_i2d
    mma8451.o(i.convert_xyz_to_roll_pitch) refers to ddiv.o(.text) for __aeabi_ddiv
    mma8451.o(i.convert_xyz_to_roll_pitch) refers to d2f.o(.text) for __aeabi_d2f
    mma8451.o(i.convert_xyz_to_roll_pitch) refers to f2d.o(.text) for __aeabi_f2d
    mma8451.o(i.convert_xyz_to_roll_pitch) refers to atan2.o(i.atan2) for atan2
    mma8451.o(i.convert_xyz_to_roll_pitch) refers to dmul.o(.text) for __aeabi_dmul
    mma8451.o(i.convert_xyz_to_roll_pitch) refers to fmul.o(x$fpl$fmul) for __aeabi_fmul
    mma8451.o(i.convert_xyz_to_roll_pitch) refers to faddsub.o(x$fpl$fadd) for __aeabi_fadd
    mma8451.o(i.convert_xyz_to_roll_pitch) refers to sqrt.o(i.sqrt) for sqrt
    mma8451.o(i.convert_xyz_to_roll_pitch) refers to mma8451.o(.data) for acc_X
    mma8451.o(i.init_mma) refers to i2c.o(i.i2c_write_byte) for i2c_write_byte
    mma8451.o(i.read_full_xyz) refers to i2c.o(i.i2c_start) for i2c_start
    mma8451.o(i.read_full_xyz) refers to i2c.o(i.i2c_read_setup) for i2c_read_setup
    mma8451.o(i.read_full_xyz) refers to i2c.o(i.i2c_repeated_read) for i2c_repeated_read
    mma8451.o(i.read_full_xyz) refers to mma8451.o(.data) for acc_X
    mma8451.o(i.read_xyz) refers to i2c.o(i.i2c_read_byte) for i2c_read_byte
    mma8451.o(i.read_xyz) refers to delay.o(i.Delay) for Delay
    mma8451.o(i.read_xyz) refers to mma8451.o(.data) for acc_X
    uart.o(i.Init_UART0) refers to dflti.o(.text) for __aeabi_ui2d
    uart.o(i.Init_UART0) refers to ddiv.o(.text) for __aeabi_ddiv
    uart.o(i.Init_UART0) refers to dfixui.o(.text) for __aeabi_d2uiz
    uart.o(i.UART_data_packet) refers to mma8451.o(.data) for xyz_data
    startup_mkl25z4.o(STACK) refers (Special) to heapauxi.o(.text) for __use_two_region_memory
    startup_mkl25z4.o(HEAP) refers (Special) to heapauxi.o(.text) for __use_two_region_memory
    startup_mkl25z4.o(RESET) refers (Special) to heapauxi.o(.text) for __use_two_region_memory
    startup_mkl25z4.o(RESET) refers to startup_mkl25z4.o(STACK) for __initial_sp
    startup_mkl25z4.o(RESET) refers to startup_mkl25z4.o(.text) for Reset_Handler
    startup_mkl25z4.o(RESET) refers to main.o(i.SysTick_Handler) for SysTick_Handler
[...]
    _printf_percent.o(.ARM.Collect$$_printf_percent$$00000000) refers (Special) to _printf_percent_end.o(.ARM.Collect$$_printf_percent$$00000017) for _printf_percent_end
    __main.o(!!!main) refers to __rtentry.o(.ARM.Collect$$rtentry$$00000000) for __rt_entry
    d2f.o(.text) refers (Special) to usenofp.o(x$fpl$usenofp) for __I$use$fp
    ddiv.o(.text) refers (Special) to usenofp.o(x$fpl$usenofp) for __I$use$fp
    ddiv.o(.text) refers to ddiv.o(.constdata) for .constdata
    ddiv.o(.constdata) refers (Special) to usenofp.o(x$fpl$usenofp) for __I$use$fp
    dfixui.o(.text) refers (Special) to usenofp.o(x$fpl$usenofp) for __I$use$fp
    dflti.o(.text) refers (Special) to usenofp.o(x$fpl$usenofp) for __I$use$fp
    dmul.o(.text) refers (Special) to usenofp.o(x$fpl$usenofp) for __I$use$fp
    drlef.o(x$fpl$drleqf) refers (Special) to usenofp.o(x$fpl$usenofp) for __I$use$fp
    drlef.o(x$fpl$drleqf) refers to dcmpin.o(.text) for __fpl_dcmp_InfNaN
    f2d.o(.text) refers (Special) to usenofp.o(x$fpl$usenofp) for __I$use$fp
    faddsub.o(x$fpl$fadd) refers (Special) to usenofp.o(x$fpl$usenofp) for __I$use$fp
    faddsub.o(x$fpl$fadd) refers to faddsub.o(x$fpl$fsub) for _fsub1
    faddsub.o(x$fpl$frsb) refers (Special) to usenofp.o(x$fpl$usenofp) for __I$use$fp
    faddsub.o(x$fpl$frsb) refers to faddsub.o(x$fpl$fsub) for _fsub1
    faddsub.o(x$fpl$frsb) refers to faddsub.o(x$fpl$fadd) for _fadd1
    faddsub.o(x$fpl$fsub) refers (Special) to usenofp.o(x$fpl$usenofp) for __I$use$fp
    faddsub.o(x$fpl$fsub) refers to faddsub.o(x$fpl$fadd) for _fadd1
    fmul.o(x$fpl$fmul) refers (Special) to usenofp.o(x$fpl$usenofp) for __I$use$fp
    atan2.o(i.__softfp_atan2) refers (Special) to usenofp.o(x$fpl$usenofp) for __I$use$fp
    atan2.o(i.__softfp_atan2) refers to atan2.o(i.atan2) for atan2
    atan2.o(i.atan2) refers (Special) to usenofp.o(x$fpl$usenofp) for __I$use$fp
    atan2.o(i.atan2) refers to dunder.o(i.__mathlib_dbl_infnan2) for __mathlib_dbl_infnan2
    atan2.o(i.atan2) refers to atan.o(i.atan) for atan
    atan2.o(i.atan2) refers to ddiv.o(.text) for __aeabi_ddiv
    atan2.o(i.atan2) refers to daddsub.o(.text) for __aeabi_dsub
    atan2.o(i.atan2) refers to qnan.o(.constdata) for __mathlib_zero
    atan2_x.o(i.____softfp_atan2$lsc) refers (Special) to usenofp.o(x$fpl$usenofp) for __I$use$fp
    atan2_x.o(i.____softfp_atan2$lsc) refers to atan2_x.o(i.__atan2$lsc) for __atan2$lsc
    atan2_x.o(i.__atan2$lsc) refers (Special) to usenofp.o(x$fpl$usenofp) for __I$use$fp
    atan2_x.o(i.__atan2$lsc) refers to dunder.o(i.__mathlib_dbl_infnan2) for __mathlib_dbl_infnan2
    atan2_x.o(i.__atan2$lsc) refers to atan.o(i.atan) for atan
    atan2_x.o(i.__atan2$lsc) refers to _rserrno.o(.text) for __set_errno
    atan2_x.o(i.__atan2$lsc) refers to ddiv.o(.text) for __aeabi_ddiv
    atan2_x.o(i.__atan2$lsc) refers to daddsub.o(.text) for __aeabi_dsub
    atan2_x.o(i.__atan2$lsc) refers to qnan.o(.constdata) for __mathlib_zero
    sqrt.o(i.__softfp_sqrt) refers (Special) to usenofp.o(x$fpl$usenofp) for __I$use$fp
    sqrt.o(i.__softfp_sqrt) refers to dsqrt.o(.text) for _dsqrt
    sqrt.o(i.__softfp_sqrt) refers to _rserrno.o(.text) for __set_errno
    sqrt.o(i.sqrt) refers (Special) to usenofp.o(x$fpl$usenofp) for __I$use$fp
    sqrt.o(i.sqrt) refers to dsqrt.o(.text) for _dsqrt
    sqrt.o(i.sqrt) refers to _rserrno.o(.text) for __set_errno
    sqrt_x.o(i.____softfp_sqrt$lsc) refers (Special) to usenofp.o(x$fpl$usenofp) for __I$use$fp
    sqrt_x.o(i.____softfp_sqrt$lsc) refers to dlef.o(x$fpl$dleqf) for __aeabi_cdcmple
    sqrt_x.o(i.____softfp_sqrt$lsc) refers to _rserrno.o(.text) for __set_errno
    sqrt_x.o(i.____softfp_sqrt$lsc) refers to dsqrt.o(.text) for _dsqrt
    sqrt_x.o(i.__sqrt$lsc) refers (Special) to usenofp.o(x$fpl$usenofp) for __I$use$fp
    sqrt_x.o(i.__sqrt$lsc) refers to dlef.o(x$fpl$dleqf) for __aeabi_cdcmple
    sqrt_x.o(i.__sqrt$lsc) refers to _rserrno.o(.text) for __set_errno
    sqrt_x.o(i.__sqrt$lsc) refers to dsqrt.o(.text) for _dsqrt
    __rtentry.o(.ARM.Collect$$rtentry$$00000000) refers (Special) to __rtentry2.o(.ARM.Collect$$rtentry$$0000000A) for __rt_entry_li
    __rtentry.o(.ARM.Collect$$rtentry$$00000000) refers (Special) to __rtentry2.o(.ARM.Collect$$rtentry$$0000000D) for __rt_entry_main
    __rtentry.o(.ARM.Collect$$rtentry$$00000000) refers (Special) to __rtentry2.o(.ARM.Collect$$rtentry$$0000000C) for __rt_entry_postli_1
    __rtentry.o(.ARM.Collect$$rtentry$$00000000) refers (Special) to __rtentry2.o(.ARM.Collect$$rtentry$$00000009) for __rt_entry_postsh_1
    __rtentry.o(.ARM.Collect$$rtentry$$00000000) refers (Special) to __rtentry2.o(.ARM.Collect$$rtentry$$00000002) for __rt_entry_presh_1
    __rtentry.o(.ARM.Collect$$rtentry$$00000000) refers (Special) to __rtentry4.o(.ARM.Collect$$rtentry$$00000004) for __rt_entry_sh
    aeabi_idiv0_sigfpe.o(.text) refers to rt_div0.o(.text) for __rt_div0
    _rserrno.o(.text) refers to rt_errno_addr_intlibspace.o(.text) for __aeabi_errno_addr
    _printf_char_file.o(.text) refers to _printf_char_common.o(.text) for _printf_char_common
    _printf_char_file.o(.text) refers to ferror.o(.text) for ferror
    _printf_char_file.o(.text) refers to uart.o(i.fputc) for fputc
    daddsub.o(.text) refers (Special) to usenofp.o(x$fpl$usenofp) for __I$use$fp
    dcmpin.o(.text) refers (Special) to usenofp.o(x$fpl$usenofp) for __I$use$fp
    dcmpin.o(.text) refers to cmpret.o(.text) for __fpl_cmpreturn
    dcmpin.o(.text) refers to dnan2.o(.text) for __fpl_dcheck_NaN2
    dlef.o(x$fpl$dleqf) refers (Special) to usenofp.o(x$fpl$usenofp) for __I$use$fp
    dlef.o(x$fpl$dleqf) refers to dcmpin.o(.text) for __fpl_dcmp_InfNaN
    dsqrt.o(.text) refers (Special) to usenofp.o(x$fpl$usenofp) for __I$use$fp
    atan.o(i.__softfp_atan) refers (Special) to usenofp.o(x$fpl$usenofp) for __I$use$fp
    atan.o(i.__softfp_atan) refers to atan.o(i.atan) for atan
    atan.o(i.atan) refers (Special) to usenofp.o(x$fpl$usenofp) for __I$use$fp
    atan.o(i.atan) refers to dunder.o(i.__mathlib_dbl_infnan) for __mathlib_dbl_infnan
    atan.o(i.atan) refers to fpclassify.o(i.__ARM_fpclassify) for __ARM_fpclassify
    atan.o(i.atan) refers to dunder.o(i.__mathlib_dbl_underflow) for __mathlib_dbl_underflow
    atan.o(i.atan) refers to daddsub.o(.text) for __aeabi_dadd
    atan.o(i.atan) refers to dscalbn.o(.text) for __ARM_scalbn
    atan.o(i.atan) refers to ddiv.o(.text) for __aeabi_ddiv
    atan.o(i.atan) refers to dmul.o(.text) for __aeabi_dmul
    atan.o(i.atan) refers to poly.o(i.__kernel_poly) for __kernel_poly
    atan.o(i.atan) refers to atan.o(.constdata) for .constdata
    atan.o(.constdata) refers (Special) to usenofp.o(x$fpl$usenofp) for __I$use$fp
    atan_x.o(i.____softfp_atan$lsc) refers (Special) to usenofp.o(x$fpl$usenofp) for __I$use$fp
    atan_x.o(i.____softfp_atan$lsc) refers to atan_x.o(i.__atan$lsc) for __atan$lsc
    atan_x.o(i.__atan$lsc) refers (Special) to usenofp.o(x$fpl$usenofp) for __I$use$fp
    atan_x.o(i.__atan$lsc) refers to dunder.o(i.__mathlib_dbl_infnan) for __mathlib_dbl_infnan
    atan_x.o(i.__atan$lsc) refers to daddsub.o(.text) for __aeabi_dadd
    atan_x.o(i.__atan$lsc) refers to dscalbn.o(.text) for __ARM_scalbn
    atan_x.o(i.__atan$lsc) refers to ddiv.o(.text) for __aeabi_ddiv
    atan_x.o(i.__atan$lsc) refers to dmul.o(.text) for __aeabi_dmul
    atan_x.o(i.__atan$lsc) refers to poly.o(i.__kernel_poly) for __kernel_poly
    atan_x.o(i.__atan$lsc) refers to atan_x.o(.constdata) for .constdata
    atan_x.o(.constdata) refers (Special) to usenofp.o(x$fpl$usenofp) for __I$use$fp
    dunder.o(i.__mathlib_dbl_divzero) refers to ddiv.o(.text) for __aeabi_ddiv
    dunder.o(i.__mathlib_dbl_infnan) refers to dscalbn.o(.text) for __ARM_scalbn
    dunder.o(i.__mathlib_dbl_infnan2) refers to daddsub.o(.text) for __aeabi_dadd
    dunder.o(i.__mathlib_dbl_invalid) refers to ddiv.o(.text) for __aeabi_ddiv
    dunder.o(i.__mathlib_dbl_overflow) refers to dscalbn.o(.text) for __ARM_scalbn
    dunder.o(i.__mathlib_dbl_posinfnan) refers to dmul.o(.text) for __aeabi_dmul
    dunder.o(i.__mathlib_dbl_underflow) refers to dscalbn.o(.text) for __ARM_scalbn
    qnan.o(.constdata) refers (Special) to usenofp.o(x$fpl$usenofp) for __I$use$fp
    __rtentry2.o(.ARM.Collect$$rtentry$$00000008) refers to boardinit2.o(.text) for _platform_post_stackheap_init
    __rtentry2.o(.ARM.Collect$$rtentry$$0000000A) refers to libinit.o(.ARM.Collect$$libinit$$00000000) for __rt_lib_init
    __rtentry2.o(.ARM.Collect$$rtentry$$0000000B) refers to boardinit3.o(.text) for _platform_post_lib_init
    __rtentry2.o(.ARM.Collect$$rtentry$$0000000D) refers to main.o(i.main) for main
    __rtentry2.o(.ARM.Collect$$rtentry$$0000000D) refers to exit.o(.text) for exit
    __rtentry2.o(.ARM.exidx) refers to __rtentry2.o(.ARM.Collect$$rtentry$$00000001) for .ARM.Collect$$rtentry$$00000001
    __rtentry2.o(.ARM.exidx) refers to __rtentry2.o(.ARM.Collect$$rtentry$$00000008) for .ARM.Collect$$rtentry$$00000008
    __rtentry2.o(.ARM.exidx) refers to __rtentry2.o(.ARM.Collect$$rtentry$$0000000A) for .ARM.Collect$$rtentry$$0000000A
    __rtentry2.o(.ARM.exidx) refers to __rtentry2.o(.ARM.Collect$$rtentry$$0000000B) for .ARM.Collect$$rtentry$$0000000B
    __rtentry2.o(.ARM.exidx) refers to __rtentry2.o(.ARM.Collect$$rtentry$$0000000D) for .ARM.Collect$$rtentry$$0000000D
    __rtentry4.o(.ARM.Collect$$rtentry$$00000004) refers to sys_stackheap_outer.o(.text) for __user_setup_stackheap
    __rtentry4.o(.ARM.exidx) refers to __rtentry4.o(.ARM.Collect$$rtentry$$00000004) for .ARM.Collect$$rtentry$$00000004
    rt_div0.o(.text) refers to defsig_fpe_outer.o(.text) for __rt_SIGFPE
    rt_errno_addr.o(.text) refers to rt_errno_addr.o(.bss) for __aeabi_errno_addr_data
    rt_errno_addr_intlibspace.o(.text) refers to libspace.o(.bss) for __libspace_start
    _printf_char_common.o(.text) refers to __printf.o(.text) for __printf
    cmpret.o(.text) refers (Special) to usenofp.o(x$fpl$usenofp) for __I$use$fp
    dnan2.o(.text) refers (Special) to usenofp.o(x$fpl$usenofp) for __I$use$fp
    dnan2.o(.text) refers to retnan.o(.text) for __fpl_return_NaN
    dscalbn.o(.text) refers (Special) to usenofp.o(x$fpl$usenofp) for __I$use$fp
    fpclassify.o(i.__ARM_fpclassify) refers (Special) to usenofp.o(x$fpl$usenofp) for __I$use$fp
    poly.o(i.__kernel_poly) refers (Special) to usenofp.o(x$fpl$usenofp) for __I$use$fp
    poly.o(i.__kernel_poly) refers to dmul.o(.text) for __aeabi_dmul
    poly.o(i.__kernel_poly) refers to daddsub.o(.text) for __aeabi_dadd
    libspace.o(.text) refers to libspace.o(.bss) for __libspace_start
    sys_stackheap_outer.o(.text) refers to libspace.o(.text) for __user_perproc_libspace
    sys_stackheap_outer.o(.text) refers to startup_mkl25z4.o(.text) for __user_initial_stackheap
    sys_stackheap_outer.o(__vectab_stack_and_reset_area) refers to tempstk.o(.text) for __temporary_stack_top
    sys_stackheap_outer.o(__vectab_stack_and_reset_area) refers to __main.o(!!!main) for __main
    exit.o(.text) refers to rtexit.o(.ARM.Collect$$rtexit$$00000000) for __rt_exit
    defsig_fpe_outer.o(.text) refers to defsig_fpe_inner.o(.text) for __rt_SIGFPE_inner
    defsig_fpe_outer.o(.text) refers to defsig_exit.o(.text) for __sig_exit
    defsig_fpe_formal.o(.text) refers to rt_raise.o(.text) for __rt_raise
    libinit.o(.ARM.Collect$$libinit$$00000000) refers (Special) to libinit2.o(.ARM.Collect$$libinit$$0000002E) for __rt_lib_init_alloca_1
    libinit.o(.ARM.Collect$$libinit$$00000000) refers (Special) to libinit2.o(.ARM.Collect$$libinit$$0000002C) for __rt_lib_init_argv_1
    libinit.o(.ARM.Collect$$libinit$$00000000) refers (Special) to libinit2.o(.ARM.Collect$$libinit$$0000001B) for __rt_lib_init_atexit_1
    libinit.o(.ARM.Collect$$libinit$$00000000) refers (Special) to libinit2.o(.ARM.Collect$$libinit$$00000021) for __rt_lib_init_clock_1
    libinit.o(.ARM.Collect$$libinit$$00000000) refers (Special) to libinit2.o(.ARM.Collect$$libinit$$00000032) for __rt_lib_init_cpp_1
    libinit.o(.ARM.Collect$$libinit$$00000000) refers (Special) to libinit2.o(.ARM.Collect$$libinit$$00000030) for __rt_lib_init_exceptions_1
    libinit.o(.ARM.Collect$$libinit$$00000000) refers (Special) to libinit2.o(.ARM.Collect$$libinit$$00000002) for __rt_lib_init_fp_1
    libinit.o(.ARM.Collect$$libinit$$00000000) refers (Special) to libinit2.o(.ARM.Collect$$libinit$$0000001F) for __rt_lib_init_fp_trap_1
    libinit.o(.ARM.Collect$$libinit$$00000000) refers (Special) to libinit2.o(.ARM.Collect$$libinit$$00000023) for __rt_lib_init_getenv_1
    libinit.o(.ARM.Collect$$libinit$$00000000) refers (Special) to libinit2.o(.ARM.Collect$$libinit$$0000000A) for __rt_lib_init_heap_1
    libinit.o(.ARM.Collect$$libinit$$00000000) refers (Special) to libinit2.o(.ARM.Collect$$libinit$$00000011) for __rt_lib_init_lc_collate_1
    libinit.o(.ARM.Collect$$libinit$$00000000) refers (Special) to libinit2.o(.ARM.Collect$$libinit$$00000013) for __rt_lib_init_lc_ctype_1
    libinit.o(.ARM.Collect$$libinit$$00000000) refers (Special) to libinit2.o(.ARM.Collect$$libinit$$00000015) for __rt_lib_init_lc_monetary_1
    libinit.o(.ARM.Collect$$libinit$$00000000) refers (Special) to libinit2.o(.ARM.Collect$$libinit$$00000017) for __rt_lib_init_lc_numeric_1
    libinit.o(.ARM.Collect$$libinit$$00000000) refers (Special) to libinit2.o(.ARM.Collect$$libinit$$00000019) for __rt_lib_init_lc_time_1
    libinit.o(.ARM.Collect$$libinit$$00000000) refers (Special) to libinit2.o(.ARM.Collect$$libinit$$00000004) for __rt_lib_init_preinit_1
    libinit.o(.ARM.Collect$$libinit$$00000000) refers (Special) to libinit2.o(.ARM.Collect$$libinit$$0000000E) for __rt_lib_init_rand_1
    libinit.o(.ARM.Collect$$libinit$$00000000) refers (Special) to libinit2.o(.ARM.Collect$$libinit$$00000033) for __rt_lib_init_return
    libinit.o(.ARM.Collect$$libinit$$00000000) refers (Special) to libinit2.o(.ARM.Collect$$libinit$$0000001D) for __rt_lib_init_signal_1
    libinit.o(.ARM.Collect$$libinit$$00000000) refers (Special) to libinit2.o(.ARM.Collect$$libinit$$00000025) for __rt_lib_init_stdio_1
    libinit.o(.ARM.Collect$$libinit$$00000000) refers (Special) to libinit2.o(.ARM.Collect$$libinit$$0000000C) for __rt_lib_init_user_alloc_1
    retnan.o(.text) refers (Special) to usenofp.o(x$fpl$usenofp) for __I$use$fp
    retnan.o(.text) refers to cmpret.o(.text) for __fpl_cmpreturn
    rtexit.o(.ARM.Collect$$rtexit$$00000000) refers (Special) to rtexit2.o(.ARM.Collect$$rtexit$$00000004) for __rt_exit_exit
    rtexit.o(.ARM.Collect$$rtexit$$00000000) refers (Special) to rtexit2.o(.ARM.Collect$$rtexit$$00000003) for __rt_exit_ls
    rtexit.o(.ARM.Collect$$rtexit$$00000000) refers (Special) to rtexit2.o(.ARM.Collect$$rtexit$$00000002) for __rt_exit_prels_1
    rtexit.o(.ARM.exidx) refers (Special) to rtexit2.o(.ARM.Collect$$rtexit$$00000004) for __rt_exit_exit
    rtexit.o(.ARM.exidx) refers (Special) to rtexit2.o(.ARM.Collect$$rtexit$$00000003) for __rt_exit_ls
    rtexit.o(.ARM.exidx) refers (Special) to rtexit2.o(.ARM.Collect$$rtexit$$00000002) for __rt_exit_prels_1
    rtexit.o(.ARM.exidx) refers to rtexit.o(.ARM.Collect$$rtexit$$00000000) for .ARM.Collect$$rtexit$$00000000
    rt_raise.o(.text) refers to __raise.o(.text) for __raise
    rt_raise.o(.text) refers to sys_exit.o(.text) for _sys_exit
    defsig_exit.o(.text) refers to sys_exit.o(.text) for _sys_exit
    defsig_fpe_inner.o(.text) refers to defsig_general.o(.text) for __default_signal_display
    libinit2.o(.ARM.Collect$$libinit$$00000010) refers to libinit2.o(.ARM.Collect$$libinit$$0000000F) for .ARM.Collect$$libinit$$0000000F
    libinit2.o(.ARM.Collect$$libinit$$00000012) refers to libinit2.o(.ARM.Collect$$libinit$$0000000F) for .ARM.Collect$$libinit$$0000000F
    libinit2.o(.ARM.Collect$$libinit$$00000014) refers to libinit2.o(.ARM.Collect$$libinit$$0000000F) for .ARM.Collect$$libinit$$0000000F
    libinit2.o(.ARM.Collect$$libinit$$00000016) refers to libinit2.o(.ARM.Collect$$libinit$$0000000F) for .ARM.Collect$$libinit$$0000000F
    libinit2.o(.ARM.Collect$$libinit$$00000018) refers to libinit2.o(.ARM.Collect$$libinit$$0000000F) for .ARM.Collect$$libinit$$0000000F
    libinit2.o(.ARM.Collect$$libinit$$00000026) refers to argv_veneer.o(.text) for __ARM_argv_veneer
    libinit2.o(.ARM.Collect$$libinit$$00000027) refers to argv_veneer.o(.text) for __ARM_argv_veneer
    sys_exit.o(.text) refers (Special) to use_no_semi.o(.text) for __I$use$semihosting
    sys_exit.o(.text) refers (Special) to indicate_semi.o(.text) for __semihosting_library_function
    rtexit2.o(.ARM.Collect$$rtexit$$00000003) refers to libshutdown.o(.ARM.Collect$$libshutdown$$00000000) for __rt_lib_shutdown
    rtexit2.o(.ARM.Collect$$rtexit$$00000004) refers to sys_exit.o(.text) for _sys_exit
    rtexit2.o(.ARM.exidx) refers to rtexit2.o(.ARM.Collect$$rtexit$$00000001) for .ARM.Collect$$rtexit$$00000001
    rtexit2.o(.ARM.exidx) refers to rtexit2.o(.ARM.Collect$$rtexit$$00000003) for .ARM.Collect$$rtexit$$00000003
    rtexit2.o(.ARM.exidx) refers to rtexit2.o(.ARM.Collect$$rtexit$$00000004) for .ARM.Collect$$rtexit$$00000004
    __raise.o(.text) refers to defsig.o(CL$$defsig) for __default_signal_handler
    defsig_general.o(.text) refers to sys_wrch.o(.text) for _ttywrch
    sys_wrch.o(.text) refers (Special) to use_no_semi.o(.text) for __I$use$semihosting
    sys_wrch.o(.text) refers (Special) to indicate_semi.o(.text) for __semihosting_library_function
    defsig.o(CL$$defsig) refers to defsig_fpe_inner.o(.text) for __rt_SIGFPE_inner
    defsig.o(CL$$defsig) refers to defsig_rtmem_inner.o(.text) for __rt_SIGRTMEM_inner
    _get_argv_nomalloc.o(.text) refers (Special) to hrguard.o(.text) for __heap_region$guard
    _get_argv_nomalloc.o(.text) refers to defsig_rtmem_outer.o(.text) for __rt_SIGRTMEM
    _get_argv_nomalloc.o(.text) refers to sys_command.o(.text) for _sys_command_string
    libshutdown.o(.ARM.Collect$$libshutdown$$00000000) refers (Special) to libshutdown2.o(.ARM.Collect$$libshutdown$$00000002) for __rt_lib_shutdown_cpp_1
    libshutdown.o(.ARM.Collect$$libshutdown$$00000000) refers (Special) to libshutdown2.o(.ARM.Collect$$libshutdown$$00000007) for __rt_lib_shutdown_fp_trap_1
    libshutdown.o(.ARM.Collect$$libshutdown$$00000000) refers (Special) to libshutdown2.o(.ARM.Collect$$libshutdown$$0000000F) for __rt_lib_shutdown_heap_1
    libshutdown.o(.ARM.Collect$$libshutdown$$00000000) refers (Special) to libshutdown2.o(.ARM.Collect$$libshutdown$$00000010) for __rt_lib_shutdown_return
    libshutdown.o(.ARM.Collect$$libshutdown$$00000000) refers (Special) to libshutdown2.o(.ARM.Collect$$libshutdown$$0000000A) for __rt_lib_shutdown_signal_1
    libshutdown.o(.ARM.Collect$$libshutdown$$00000000) refers (Special) to libshutdown2.o(.ARM.Collect$$libshutdown$$00000004) for __rt_lib_shutdown_stdio_1
    libshutdown.o(.ARM.Collect$$libshutdown$$00000000) refers (Special) to libshutdown2.o(.ARM.Collect$$libshutdown$$0000000C) for __rt_lib_shutdown_user_alloc_1
    sys_command.o(.text) refers (Special) to use_no_semi.o(.text) for __I$use$semihosting
    sys_command.o(.text) refers (Special) to indicate_semi.o(.text) for __semihosting_library_function
    defsig_abrt_inner.o(.text) refers to defsig_general.o(.text) for __default_signal_display
    defsig_rtred_inner.o(.text) refers to defsig_general.o(.text) for __default_signal_display
    defsig_rtmem_inner.o(.text) refers to defsig_general.o(.text) for __default_signal_display
    defsig_rtmem_outer.o(.text) refers to defsig_rtmem_inner.o(.text) for __rt_SIGRTMEM_inner
    defsig_rtmem_outer.o(.text) refers to defsig_exit.o(.text) for __sig_exit
    defsig_rtmem_formal.o(.text) refers to rt_raise.o(.text) for __rt_raise
    defsig_stak_inner.o(.text) refers to defsig_general.o(.text) for __default_signal_display
    defsig_pvfn_inner.o(.text) refers to defsig_general.o(.text) for __default_signal_display
    defsig_cppl_inner.o(.text) refers to defsig_general.o(.text) for __default_signal_display
    defsig_segv_inner.o(.text) refers to defsig_general.o(.text) for __default_signal_display
    defsig_other.o(.text) refers to defsig_general.o(.text) for __default_signal_display


==============================================================================

Removing Unused input sections from the image.

    Removing delay.o(.rev16_text), (4 bytes).
    Removing delay.o(.revsh_text), (4 bytes).
    Removing i2c.o(.rev16_text), (4 bytes).
    Removing i2c.o(.revsh_text), (4 bytes).
    Removing i2c.o(i.i2c_read_byte), (124 bytes).
    Removing leds.o(.rev16_text), (4 bytes).
    Removing leds.o(.revsh_text), (4 bytes).
    Removing main.o(.rev16_text), (4 bytes).
    Removing main.o(.revsh_text), (4 bytes).
    Removing mma8451.o(.rev16_text), (4 bytes).
    Removing mma8451.o(.revsh_text), (4 bytes).
    Removing mma8451.o(i.read_xyz), (72 bytes).
    Removing uart.o(.rev16_text), (4 bytes).
    Removing uart.o(.revsh_text), (4 bytes).
    Removing uart.o(i.UART0_Receive_Poll), (24 bytes).
    Removing uart.o(i.UART0_Transmit_Poll), (24 bytes).
    Removing uart.o(i.fgetc), (28 bytes).
    Removing system_mkl25z4.o(.rev16_text), (4 bytes).
    Removing system_mkl25z4.o(.revsh_text), (4 bytes).
    Removing system_mkl25z4.o(i.SystemCoreClockUpdate), (400 bytes).
    Removing system_mkl25z4.o(.data), (4 bytes).
    Removing system_mkl25z4.o(i.__ARM_common_switch8), (28 bytes).

22 unused section(s) (total 760 bytes) removed from the image.

==============================================================================

Image Symbol Table

    Local Symbols

    Symbol Name                              Value     Ov Type        Size  Object(Section)

    RESET                                    0x00000000   Section      192  startup_mkl25z4.o(RESET)
    ../clib/angel/boardlib.s                 0x00000000   Number         0  boardinit2.o ABSOLUTE
    ../clib/angel/boardlib.s                 0x00000000   Number         0  boardshut.o ABSOLUTE
    ../clib/angel/boardlib.s                 0x00000000   Number         0  boardinit3.o ABSOLUTE
    ../clib/angel/boardlib.s                 0x00000000   Number         0  boardinit1.o ABSOLUTE
    ../clib/angel/handlers.s                 0x00000000   Number         0  __scatter_zi.o ABSOLUTE
    ../clib/angel/handlers.s                 0x00000000   Number         0  __scatter_copy.o ABSOLUTE
    ../clib/angel/kernel.s                   0x00000000   Number         0  rtexit2.o ABSOLUTE
    ../clib/angel/kernel.s                   0x00000000   Number         0  __rtentry.o ABSOLUTE
    ../clib/angel/kernel.s                   0x00000000   Number         0  __rtentry2.o ABSOLUTE
    ../clib/angel/kernel.s                   0x00000000   Number         0  __rtentry4.o ABSOLUTE
    ../clib/angel/kernel.s                   0x00000000   Number         0  rtexit.o ABSOLUTE
    ../clib/angel/rt.s                       0x00000000   Number         0  rt_errno_addr_intlibspace.o ABSOLUTE
    ../clib/angel/rt.s                       0x00000000   Number         0  rt_raise.o ABSOLUTE
    ../clib/angel/rt.s                       0x00000000   Number         0  aeabi_idiv0.o ABSOLUTE
    ../clib/angel/rt.s                       0x00000000   Number         0  aeabi_idiv0_sigfpe.o ABSOLUTE
    ../clib/angel/rt.s                       0x00000000   Number         0  rt_div0.o ABSOLUTE
    ../clib/angel/rt.s                       0x00000000   Number         0  rt_errno_addr.o ABSOLUTE
    ../clib/angel/scatterp.s                 0x00000000   Number         0  __scatter.o ABSOLUTE
    ../clib/angel/startup.s                  0x00000000   Number         0  __main.o ABSOLUTE
    ../clib/angel/sys.s                      0x00000000   Number         0  indicate_semi.o ABSOLUTE
    ../clib/angel/sys.s                      0x00000000   Number         0  use_no_semi.o ABSOLUTE
    ../clib/angel/sys.s                      0x00000000   Number         0  tempstk.o ABSOLUTE
    ../clib/angel/sys.s                      0x00000000   Number         0  sys_stackheap_outer.o ABSOLUTE
    ../clib/angel/sys.s                      0x00000000   Number         0  libspace.o ABSOLUTE
    ../clib/angel/sysapp.c                   0x00000000   Number         0  sys_exit.o ABSOLUTE
    ../clib/angel/sysapp.c                   0x00000000   Number         0  sys_wrch.o ABSOLUTE
    ../clib/angel/sysapp.c                   0x00000000   Number         0  sys_command.o ABSOLUTE
    ../clib/armsys.c                         0x00000000   Number         0  _get_argv_nomalloc.o ABSOLUTE
    ../clib/armsys.c                         0x00000000   Number         0  argv_veneer.o ABSOLUTE
    ../clib/armsys.c                         0x00000000   Number         0  no_argv.o ABSOLUTE
    ../clib/division.c                       0x00000000   Number         0  rtudiv10.o ABSOLUTE
    ../clib/division.s                       0x00000000   Number         0  aeabi_sdiv_div0.o ABSOLUTE
    ../clib/division.s                       0x00000000   Number         0  aeabi_sdiv.o ABSOLUTE
    ../clib/fenv.c                           0x00000000   Number         0  _rserrno.o ABSOLUTE
    ../clib/heapalloc.c                      0x00000000   Number         0  hrguard.o ABSOLUTE
    ../clib/heapaux.c                        0x00000000   Number         0  heapauxi.o ABSOLUTE
    ../clib/libinit.s                        0x00000000   Number         0  libinit2.o ABSOLUTE
    ../clib/libinit.s                        0x00000000   Number         0  libshutdown2.o ABSOLUTE
    ../clib/libinit.s                        0x00000000   Number         0  libinit.o ABSOLUTE
    ../clib/libinit.s                        0x00000000   Number         0  libshutdown.o ABSOLUTE
    ../clib/printf.c                         0x00000000   Number         0  _printf_dec.o ABSOLUTE
    ../clib/printf.c                         0x00000000   Number         0  __printf_flags.o ABSOLUTE
    ../clib/printf.c                         0x00000000   Number         0  __printf_ss.o ABSOLUTE
    ../clib/printf.c                         0x00000000   Number         0  __printf_flags_ss.o ABSOLUTE
    ../clib/printf.c                         0x00000000   Number         0  __printf_wp.o ABSOLUTE
    ../clib/printf.c                         0x00000000   Number         0  _printf_intcommon.o ABSOLUTE
    ../clib/printf.c                         0x00000000   Number         0  __printf_nopercent.o ABSOLUTE
    ../clib/printf.c                         0x00000000   Number         0  _printf_char_file.o ABSOLUTE
    ../clib/printf.c                         0x00000000   Number         0  __printf_flags_wp.o ABSOLUTE
    ../clib/printf.c                         0x00000000   Number         0  __printf_flags_ss_wp.o ABSOLUTE
    ../clib/printf.c                         0x00000000   Number         0  _printf_char_common.o ABSOLUTE
    ../clib/printf.c                         0x00000000   Number         0  __printf_ss_wp.o ABSOLUTE
    ../clib/printf.c                         0x00000000   Number         0  __2printf.o ABSOLUTE
    ../clib/printf.c                         0x00000000   Number         0  noretval__2printf.o ABSOLUTE
    ../clib/printf.c                         0x00000000   Number         0  __printf.o ABSOLUTE
    ../clib/printf_percent.s                 0x00000000   Number         0  _printf_percent_end.o ABSOLUTE
    ../clib/printf_percent.s                 0x00000000   Number         0  _printf_d.o ABSOLUTE
    ../clib/printf_percent.s                 0x00000000   Number         0  _printf_percent.o ABSOLUTE
    ../clib/signal.c                         0x00000000   Number         0  defsig_fpe_inner.o ABSOLUTE
    ../clib/signal.c                         0x00000000   Number         0  defsig_rtmem_inner.o ABSOLUTE
    ../clib/signal.c                         0x00000000   Number         0  defsig_pvfn_inner.o ABSOLUTE
    ../clib/signal.c                         0x00000000   Number         0  defsig_stak_inner.o ABSOLUTE
    ../clib/signal.c                         0x00000000   Number         0  defsig_fpe_formal.o ABSOLUTE
    ../clib/signal.c                         0x00000000   Number         0  defsig_rtmem_formal.o ABSOLUTE
    ../clib/signal.c                         0x00000000   Number         0  defsig_fpe_outer.o ABSOLUTE
    ../clib/signal.c                         0x00000000   Number         0  defsig_rtmem_outer.o ABSOLUTE
    ../clib/signal.c                         0x00000000   Number         0  defsig_exit.o ABSOLUTE
    ../clib/signal.c                         0x00000000   Number         0  __raise.o ABSOLUTE
    ../clib/signal.c                         0x00000000   Number         0  defsig_general.o ABSOLUTE
    ../clib/signal.c                         0x00000000   Number         0  defsig_other.o ABSOLUTE
    ../clib/signal.c                         0x00000000   Number         0  defsig_abrt_inner.o ABSOLUTE
    ../clib/signal.c                         0x00000000   Number         0  defsig_segv_inner.o ABSOLUTE
    ../clib/signal.c                         0x00000000   Number         0  defsig_rtred_inner.o ABSOLUTE
    ../clib/signal.c                         0x00000000   Number         0  defsig_cppl_inner.o ABSOLUTE
    ../clib/signal.s                         0x00000000   Number         0  defsig.o ABSOLUTE
    ../clib/stdio.c                          0x00000000   Number         0  ferror.o ABSOLUTE
    ../clib/stdio.c                          0x00000000   Number         0  ferror_locked.o ABSOLUTE
    ../clib/stdlib.c                         0x00000000   Number         0  exit.o ABSOLUTE
    ../fplib/cfplib/cmpret.c                 0x00000000   Number         0  cmpret.o ABSOLUTE
    ../fplib/cfplib/d2f.c                    0x00000000   Number         0  d2f.o ABSOLUTE
    ../fplib/cfplib/daddsub.c                0x00000000   Number         0  daddsub.o ABSOLUTE
    ../fplib/cfplib/dcmpin.c                 0x00000000   Number         0  dcmpin.o ABSOLUTE
    ../fplib/cfplib/ddiv.c                   0x00000000   Number         0  ddiv.o ABSOLUTE
    ../fplib/cfplib/dmul.c                   0x00000000   Number         0  dmul.o ABSOLUTE
    ../fplib/cfplib/dsqrt.c                  0x00000000   Number         0  dsqrt.o ABSOLUTE
    ../fplib/cfplib/f2d.c                    0x00000000   Number         0  f2d.o ABSOLUTE
    ../fplib/cfplib/ffix.c                   0x00000000   Number         0  dfixui.o ABSOLUTE
    ../fplib/cfplib/fflt.c                   0x00000000   Number         0  dflti.o ABSOLUTE
    ../fplib/cfplib/fpinit.c                 0x00000000   Number         0  fpinit.o ABSOLUTE
    ../fplib/cfplib/nan2.c                   0x00000000   Number         0  dnan2.o ABSOLUTE
    ../fplib/cfplib/retnan.c                 0x00000000   Number         0  retnan.o ABSOLUTE
    ../fplib/cfplib/scalbn.c                 0x00000000   Number         0  dscalbn.o ABSOLUTE
    ../fplib/dleqf6m.s                       0x00000000   Number         0  dlef.o ABSOLUTE
    ../fplib/drleqf6m.s                      0x00000000   Number         0  drlef.o ABSOLUTE
    ../fplib/faddsub6m.s                     0x00000000   Number         0  faddsub.o ABSOLUTE
    ../fplib/fmul6m.s                        0x00000000   Number         0  fmul.o ABSOLUTE
    ../fplib/usenofp.s                       0x00000000   Number         0  usenofp.o ABSOLUTE
    ../mathlib/atan.c                        0x00000000   Number         0  atan.o ABSOLUTE
    ../mathlib/atan.c                        0x00000000   Number         0  atan_x.o ABSOLUTE
    ../mathlib/atan2.c                       0x00000000   Number         0  atan2.o ABSOLUTE
    ../mathlib/atan2.c                       0x00000000   Number         0  atan2_x.o ABSOLUTE
    ../mathlib/dunder.c                      0x00000000   Number         0  dunder.o ABSOLUTE
    ../mathlib/fpclassify.c                  0x00000000   Number         0  fpclassify.o ABSOLUTE
    ../mathlib/poly.c                        0x00000000   Number         0  poly.o ABSOLUTE
    ../mathlib/qnan.c                        0x00000000   Number         0  qnan.o ABSOLUTE
    ../mathlib/sqrt.c                        0x00000000   Number         0  sqrt_x.o ABSOLUTE
    ../mathlib/sqrt.c                        0x00000000   Number         0  sqrt.o ABSOLUTE
    RTE\Device\MKL25Z128xxx4\startup_MKL25Z4.s 0x00000000   Number         0  startup_mkl25z4.o ABSOLUTE
    RTE\Device\MKL25Z128xxx4\system_MKL25Z4.c 0x00000000   Number         0  system_mkl25z4.o ABSOLUTE
    RTE\\Device\\MKL25Z128xxx4\\system_MKL25Z4.c 0x00000000   Number         0  system_mkl25z4.o ABSOLUTE
    dc.s                                     0x00000000   Number         0  dc.o ABSOLUTE
    src\LEDs.c                               0x00000000   Number         0  leds.o ABSOLUTE
    src\UART.c                               0x00000000   Number         0  uart.o ABSOLUTE
    src\\LEDs.c                              0x00000000   Number         0  leds.o ABSOLUTE
    src\\UART.c                              0x00000000   Number         0  uart.o ABSOLUTE
    src\\delay.c                             0x00000000   Number         0  delay.o ABSOLUTE
    src\\i2c.c                               0x00000000   Number         0  i2c.o ABSOLUTE
    src\\main.c                              0x00000000   Number         0  main.o ABSOLUTE
    src\\mma8451.c                           0x00000000   Number         0  mma8451.o ABSOLUTE
    src\delay.c                              0x00000000   Number         0  delay.o ABSOLUTE
    src\i2c.c                                0x00000000   Number         0  i2c.o ABSOLUTE
    src\main.c                               0x00000000   Number         0  main.o ABSOLUTE
    src\mma8451.c                            0x00000000   Number         0  mma8451.o ABSOLUTE
    !!!main                                  0x000000c0   Section        8  __main.o(!!!main)
    !!!scatter                               0x000000c8   Section       60  __scatter.o(!!!scatter)
    !!handler_copy                           0x00000104   Section       26  __scatter_copy.o(!!handler_copy)
    !!handler_zi                             0x00000120   Section       28  __scatter_zi.o(!!handler_zi)
    .ARM.Collect$$_printf_percent$$00000000  0x0000013c   Section        2  _printf_percent.o(.ARM.Collect$$_printf_percent$$00000000)
    .ARM.Collect$$_printf_percent$$00000009  0x0000013e   Section       10  _printf_d.o(.ARM.Collect$$_printf_percent$$00000009)
    .ARM.Collect$$_printf_percent$$00000017  0x00000148   Section        4  _printf_percent_end.o(.ARM.Collect$$_printf_percent$$00000017)
    .ARM.Collect$$libinit$$00000000          0x0000014c   Section        2  libinit.o(.ARM.Collect$$libinit$$00000000)
    .ARM.Collect$$libinit$$00000002          0x0000014e   Section        0  libinit2.o(.ARM.Collect$$libinit$$00000002)
    .ARM.Collect$$libinit$$00000004          0x0000014e   Section        0  libinit2.o(.ARM.Collect$$libinit$$00000004)
    .ARM.Collect$$libinit$$0000000A          0x0000014e   Section        0  libinit2.o(.ARM.Collect$$libinit$$0000000A)
    .ARM.Collect$$libinit$$0000000C          0x0000014e   Section        0  libinit2.o(.ARM.Collect$$libinit$$0000000C)
    .ARM.Collect$$libinit$$0000000E          0x0000014e   Section        0  libinit2.o(.ARM.Collect$$libinit$$0000000E)
    .ARM.Collect$$libinit$$00000011          0x0000014e   Section        0  libinit2.o(.ARM.Collect$$libinit$$00000011)
    .ARM.Collect$$libinit$$00000013          0x0000014e   Section        0  libinit2.o(.ARM.Collect$$libinit$$00000013)
    .ARM.Collect$$libinit$$00000015          0x0000014e   Section        0  libinit2.o(.ARM.Collect$$libinit$$00000015)
    .ARM.Collect$$libinit$$00000017          0x0000014e   Section        0  libinit2.o(.ARM.Collect$$libinit$$00000017)
    .ARM.Collect$$libinit$$00000019          0x0000014e   Section        0  libinit2.o(.ARM.Collect$$libinit$$00000019)
    .ARM.Collect$$libinit$$0000001B          0x0000014e   Section        0  libinit2.o(.ARM.Collect$$libinit$$0000001B)
    .ARM.Collect$$libinit$$0000001D          0x0000014e   Section        0  libinit2.o(.ARM.Collect$$libinit$$0000001D)
    .ARM.Collect$$libinit$$0000001F          0x0000014e   Section        0  libinit2.o(.ARM.Collect$$libinit$$0000001F)
    .ARM.Collect$$libinit$$00000021          0x0000014e   Section        0  libinit2.o(.ARM.Collect$$libinit$$00000021)
    .ARM.Collect$$libinit$$00000023          0x0000014e   Section        0  libinit2.o(.ARM.Collect$$libinit$$00000023)
    .ARM.Collect$$libinit$$00000025          0x0000014e   Section        0  libinit2.o(.ARM.Collect$$libinit$$00000025)
    .ARM.Collect$$libinit$$0000002C          0x0000014e   Section        0  libinit2.o(.ARM.Collect$$libinit$$0000002C)
    .ARM.Collect$$libinit$$0000002E          0x0000014e   Section        0  libinit2.o(.ARM.Collect$$libinit$$0000002E)
    .ARM.Collect$$libinit$$00000030          0x0000014e   Section        0  libinit2.o(.ARM.Collect$$libinit$$00000030)
    .ARM.Collect$$libinit$$00000032          0x0000014e   Section        0  libinit2.o(.ARM.Collect$$libinit$$00000032)
    .ARM.Collect$$libinit$$00000033          0x0000014e   Section        2  libinit2.o(.ARM.Collect$$libinit$$00000033)
    .ARM.Collect$$libshutdown$$00000000      0x00000150   Section        2  libshutdown.o(.ARM.Collect$$libshutdown$$00000000)
    .ARM.Collect$$libshutdown$$00000002      0x00000152   Section        0  libshutdown2.o(.ARM.Collect$$libshutdown$$00000002)
    .ARM.Collect$$libshutdown$$00000004      0x00000152   Section        0  libshutdown2.o(.ARM.Collect$$libshutdown$$00000004)
    .ARM.Collect$$libshutdown$$00000007      0x00000152   Section        0  libshutdown2.o(.ARM.Collect$$libshutdown$$00000007)
    .ARM.Collect$$libshutdown$$0000000A      0x00000152   Section        0  libshutdown2.o(.ARM.Collect$$libshutdown$$0000000A)
    .ARM.Collect$$libshutdown$$0000000C      0x00000152   Section        0  libshutdown2.o(.ARM.Collect$$libshutdown$$0000000C)
    .ARM.Collect$$libshutdown$$0000000F      0x00000152   Section        0  libshutdown2.o(.ARM.Collect$$libshutdown$$0000000F)
    .ARM.Collect$$libshutdown$$00000010      0x00000152   Section        2  libshutdown2.o(.ARM.Collect$$libshutdown$$00000010)
    .ARM.Collect$$rtentry$$00000000          0x00000154   Section        0  __rtentry.o(.ARM.Collect$$rtentry$$00000000)
    .ARM.Collect$$rtentry$$00000002          0x00000154   Section        0  __rtentry2.o(.ARM.Collect$$rtentry$$00000002)
    .ARM.Collect$$rtentry$$00000004          0x00000154   Section        6  __rtentry4.o(.ARM.Collect$$rtentry$$00000004)
    .ARM.Collect$$rtentry$$00000009          0x0000015a   Section        0  __rtentry2.o(.ARM.Collect$$rtentry$$00000009)
    .ARM.Collect$$rtentry$$0000000A          0x0000015a   Section        4  __rtentry2.o(.ARM.Collect$$rtentry$$0000000A)
    .ARM.Collect$$rtentry$$0000000C          0x0000015e   Section        0  __rtentry2.o(.ARM.Collect$$rtentry$$0000000C)
    .ARM.Collect$$rtentry$$0000000D          0x0000015e   Section        8  __rtentry2.o(.ARM.Collect$$rtentry$$0000000D)
    .ARM.Collect$$rtexit$$00000000           0x00000166   Section        2  rtexit.o(.ARM.Collect$$rtexit$$00000000)
    .ARM.Collect$$rtexit$$00000002           0x00000168   Section        0  rtexit2.o(.ARM.Collect$$rtexit$$00000002)
    .ARM.Collect$$rtexit$$00000003           0x00000168   Section        4  rtexit2.o(.ARM.Collect$$rtexit$$00000003)
    .ARM.Collect$$rtexit$$00000004           0x0000016c   Section        6  rtexit2.o(.ARM.Collect$$rtexit$$00000004)
    .text                                    0x00000174   Section       64  startup_mkl25z4.o(.text)
    .text                                    0x000001b4   Section        0  noretval__2printf.o(.text)
    .text                                    0x000001d0   Section        0  __printf.o(.text)
    .text                                    0x0000023c   Section        0  _printf_dec.o(.text)
    .text                                    0x000002a8   Section        0  heapauxi.o(.text)
    .text                                    0x000002b0   Section        0  d2f.o(.text)
    .text                                    0x0000032c   Section        0  dfixui.o(.text)
    .text                                    0x00000374   Section        0  dflti.o(.text)
    .text                                    0x000003cc   Section        0  _rserrno.o(.text)
    .text                                    0x000003e4   Section        8  rt_errno_addr_intlibspace.o(.text)
    .text                                    0x000003ec   Section        0  ferror.o(.text)
    .text                                    0x000003f4   Section        8  libspace.o(.text)
    .text                                    0x000003fc   Section        2  use_no_semi.o(.text)
    .text                                    0x000003fe   Section        0  indicate_semi.o(.text)
    x$fpl$usenofp                            0x000003fe   Section        0  usenofp.o(x$fpl$usenofp)
    .ARM.__at_0x400                          0x00000400   Section       16  startup_mkl25z4.o(.ARM.__at_0x400)
    .text                                    0x00000410   Section        0  ddiv.o(.text)
    .text                                    0x00000858   Section        0  dmul.o(.text)
    .text                                    0x00000aa0   Section        0  f2d.o(.text)
    .text                                    0x00000af4   Section        0  _printf_intcommon.o(.text)
    .text                                    0x00000ba4   Section        0  _printf_char_file.o(.text)
    .text                                    0x00000bcc   Section        0  rtudiv10.o(.text)
    .text                                    0x00000bf4   Section        0  daddsub.o(.text)
    _dadd1                                   0x00000bf5   Thumb Code   290  daddsub.o(.text)
    _dsub1                                   0x00000d17   Thumb Code   470  daddsub.o(.text)
    .text                                    0x00000f4c   Section        0  dcmpin.o(.text)
    .text                                    0x00000fdc   Section        0  dsqrt.o(.text)
    .text                                    0x000010dc   Section        0  _printf_char_common.o(.text)
    _printf_input_char                       0x000010dd   Thumb Code    10  _printf_char_common.o(.text)
    .text                                    0x0000110c   Section        0  cmpret.o(.text)
    .text                                    0x0000113c   Section        0  dnan2.o(.text)
    .text                                    0x00001150   Section        0  dscalbn.o(.text)
    .text                                    0x000011b0   Section       62  sys_stackheap_outer.o(.text)
    .text                                    0x000011ee   Section        0  exit.o(.text)
    .text                                    0x000011fe   Section        0  retnan.o(.text)
    .text                                    0x0000125c   Section        0  sys_exit.o(.text)
    i.Control_RGB_LEDs                       0x00001268   Section        0  leds.o(i.Control_RGB_LEDs)
    i.Delay                                  0x000012b4   Section        0  delay.o(i.Delay)
    i.Init_RGB_LEDs                          0x000012d0   Section        0  leds.o(i.Init_RGB_LEDs)
    i.Init_UART0                             0x00001388   Section        0  uart.o(i.Init_UART0)
    i.SysTick_Handler                        0x00001474   Section        0  main.o(i.SysTick_Handler)
    i.SystemInit                             0x000014e0   Section        0  system_mkl25z4.o(i.SystemInit)
    i.UART0_Transmit_Poll_xyz                0x00001618   Section        0  uart.o(i.UART0_Transmit_Poll_xyz)
    i.UART_data_packet                       0x00001640   Section        0  uart.o(i.UART_data_packet)
    i.__ARM_fpclassify                       0x000016b4   Section        0  fpclassify.o(i.__ARM_fpclassify)
    i.__NVIC_SetPriority                     0x000016e0   Section        0  main.o(i.__NVIC_SetPriority)
    __NVIC_SetPriority                       0x000016e1   Thumb Code   110  main.o(i.__NVIC_SetPriority)
    i.__kernel_poly                          0x00001758   Section        0  poly.o(i.__kernel_poly)
    i.__mathlib_dbl_infnan                   0x00001804   Section        0  dunder.o(i.__mathlib_dbl_infnan)
    i.__mathlib_dbl_infnan2                  0x0000180e   Section        0  dunder.o(i.__mathlib_dbl_infnan2)
    i.__mathlib_dbl_underflow                0x00001818   Section        0  dunder.o(i.__mathlib_dbl_underflow)
    i.atan                                   0x0000182c   Section        0  atan.o(i.atan)
    i.atan2                                  0x00001a48   Section        0  atan2.o(i.atan2)
    i.convert_xyz_to_roll_pitch              0x00001bc0   Section        0  mma8451.o(i.convert_xyz_to_roll_pitch)
    i.fputc                                  0x00001ce8   Section        0  uart.o(i.fputc)
    i.i2c_busy                               0x00001d0c   Section        0  i2c.o(i.i2c_busy)
    i.i2c_init                               0x00001e20   Section        0  i2c.o(i.i2c_init)
    i.i2c_read_setup                         0x00001e84   Section        0  i2c.o(i.i2c_read_setup)
    i.i2c_repeated_read                      0x00001ec4   Section        0  i2c.o(i.i2c_repeated_read)
    i.i2c_start                              0x00001f14   Section        0  i2c.o(i.i2c_start)
    i.i2c_wait                               0x00001f34   Section        0  i2c.o(i.i2c_wait)
    i.i2c_write_byte                         0x00001f84   Section        0  i2c.o(i.i2c_write_byte)
    i.init_SysTick                           0x00001fcc   Section        0  main.o(i.init_SysTick)
    i.init_mma                               0x00002000   Section        0  mma8451.o(i.init_mma)
    i.main                                   0x00002010   Section        0  main.o(i.main)
    i.read_full_xyz                          0x0000210c   Section        0  mma8451.o(i.read_full_xyz)
    i.sqrt                                   0x000021a0   Section        0  sqrt.o(i.sqrt)
    x$fpl$drleqf                             0x000021e8   Section      104  drlef.o(x$fpl$drleqf)
    x$fpl$fadd                               0x00002250   Section      140  faddsub.o(x$fpl$fadd)
    _fadd1                                   0x0000225d   Thumb Code     0  faddsub.o(x$fpl$fadd)
    x$fpl$fmul                               0x000022dc   Section      176  fmul.o(x$fpl$fmul)
    x$fpl$fsub                               0x0000238c   Section      208  faddsub.o(x$fpl$fsub)
    _fsub1                                   0x00002399   Thumb Code     0  faddsub.o(x$fpl$fsub)
    .constdata                               0x0000245c   Section      128  ddiv.o(.constdata)
    ddiv_reciptbl                            0x0000245c   Data         128  ddiv.o(.constdata)
    .constdata                               0x000024e0   Section      152  atan.o(.constdata)
    atanhi                                   0x000024e0   Data          32  atan.o(.constdata)
    atanlo                                   0x00002500   Data          32  atan.o(.constdata)
    aTodd                                    0x00002520   Data          40  atan.o(.constdata)
    aTeven                                   0x00002548   Data          48  atan.o(.constdata)
    .constdata                               0x00002578   Section        8  qnan.o(.constdata)
    .conststring                             0x00002580   Section       94  main.o(.conststring)
    .data                                    0x1ffff000   Section        8  i2c.o(.data)
    .data                                    0x1ffff008   Section        4  main.o(.data)
    .data                                    0x1ffff00c   Section       24  mma8451.o(.data)
    .data                                    0x1ffff024   Section        8  uart.o(.data)
    .bss                                     0x1ffff02c   Section       96  libspace.o(.bss)
    HEAP                                     0x1ffff090   Section        0  startup_mkl25z4.o(HEAP)
    STACK                                    0x1ffff090   Section      256  startup_mkl25z4.o(STACK)
    Heap_Mem                                 0x1ffff090   Data           0  startup_mkl25z4.o(HEAP)
    Stack_Mem                                0x1ffff090   Data         256  startup_mkl25z4.o(STACK)
    __initial_sp                             0x1ffff190   Data           0  startup_mkl25z4.o(STACK)

    Global Symbols

    Symbol Name                              Value     Ov Type        Size  Object(Section)

    BuildAttributes$$THM_ISAv3M$S$PE$A:L22$X:L11$S22$IEEE1$IW$USESV6$~STKCKD$USESV7$~SHL$OTIME$ROPI$IEEEX$EBA8$UX$STANDARDLIB$REQ8$PRES8$EABIv2 0x00000000   Number         0  anon$$obj.o ABSOLUTE
    __ARM_use_no_argv                        0x00000000   Number         0  main.o ABSOLUTE
    __Vectors                                0x00000000   Data           4  startup_mkl25z4.o(RESET)
    __ARM_exceptions_init                     - Undefined Weak Reference
    __alloca_initialize                       - Undefined Weak Reference
    __arm_preinit_                            - Undefined Weak Reference
    __cpp_initialize__aeabi_                  - Undefined Weak Reference
    __cxa_finalize                            - Undefined Weak Reference
    __rt_locale                               - Undefined Weak Reference
    __sigvec_lookup                           - Undefined Weak Reference
    _atexit_init                              - Undefined Weak Reference
    _call_atexit_fns                          - Undefined Weak Reference
    _clock_init                               - Undefined Weak Reference
    _fp_trap_init                             - Undefined Weak Reference
    _fp_trap_shutdown                         - Undefined Weak Reference
    _get_lc_collate                           - Undefined Weak Reference
    _get_lc_ctype                             - Undefined Weak Reference
    _get_lc_monetary                          - Undefined Weak Reference
    _get_lc_numeric                           - Undefined Weak Reference
    _get_lc_time                              - Undefined Weak Reference
    _getenv_init                              - Undefined Weak Reference
    _handle_redirection                       - Undefined Weak Reference
    _init_alloc                               - Undefined Weak Reference
    _init_user_alloc                          - Undefined Weak Reference
    _initio                                   - Undefined Weak Reference
    _mutex_acquire                            - Undefined Weak Reference
    _mutex_release                            - Undefined Weak Reference
    _printf_post_padding                      - Undefined Weak Reference
    _printf_pre_padding                       - Undefined Weak Reference
    _printf_truncate_signed                   - Undefined Weak Reference
    _printf_truncate_unsigned                 - Undefined Weak Reference
    _rand_init                                - Undefined Weak Reference
    _signal_finish                            - Undefined Weak Reference
    _signal_init                              - Undefined Weak Reference
    _terminate_alloc                          - Undefined Weak Reference
    _terminate_user_alloc                     - Undefined Weak Reference
    _terminateio                              - Undefined Weak Reference
    __Vectors_End                            0x000000c0   Data           0  startup_mkl25z4.o(RESET)
    __Vectors_Size                           0x000000c0   Number         0  startup_mkl25z4.o ABSOLUTE
    __main                                   0x000000c1   Thumb Code     8  __main.o(!!!main)
    __scatterload                            0x000000c9   Thumb Code     0  __scatter.o(!!!scatter)
    __scatterload_rt2                        0x000000c9   Thumb Code    52  __scatter.o(!!!scatter)
    __scatterload_rt2_thumb_only             0x000000c9   Thumb Code     0  __scatter.o(!!!scatter)
    __scatterload_null                       0x000000d9   Thumb Code     0  __scatter.o(!!!scatter)
    __scatterload_copy                       0x00000105   Thumb Code    26  __scatter_copy.o(!!handler_copy)
    __scatterload_zeroinit                   0x00000121   Thumb Code    28  __scatter_zi.o(!!handler_zi)
    _printf_percent                          0x0000013d   Thumb Code     0  _printf_percent.o(.ARM.Collect$$_printf_percent$$00000000)
    _printf_d                                0x0000013f   Thumb Code     0  _printf_d.o(.ARM.Collect$$_printf_percent$$00000009)
    _printf_percent_end                      0x00000149   Thumb Code     0  _printf_percent_end.o(.ARM.Collect$$_printf_percent$$00000017)
    __rt_lib_init                            0x0000014d   Thumb Code     0  libinit.o(.ARM.Collect$$libinit$$00000000)
    __rt_lib_init_alloca_1                   0x0000014f   Thumb Code     0  libinit2.o(.ARM.Collect$$libinit$$0000002E)
    __rt_lib_init_argv_1                     0x0000014f   Thumb Code     0  libinit2.o(.ARM.Collect$$libinit$$0000002C)
    __rt_lib_init_atexit_1                   0x0000014f   Thumb Code     0  libinit2.o(.ARM.Collect$$libinit$$0000001B)
    __rt_lib_init_clock_1                    0x0000014f   Thumb Code     0  libinit2.o(.ARM.Collect$$libinit$$00000021)
    __rt_lib_init_cpp_1                      0x0000014f   Thumb Code     0  libinit2.o(.ARM.Collect$$libinit$$00000032)
    __rt_lib_init_exceptions_1               0x0000014f   Thumb Code     0  libinit2.o(.ARM.Collect$$libinit$$00000030)
    __rt_lib_init_fp_1                       0x0000014f   Thumb Code     0  libinit2.o(.ARM.Collect$$libinit$$00000002)
    __rt_lib_init_fp_trap_1                  0x0000014f   Thumb Code     0  libinit2.o(.ARM.Collect$$libinit$$0000001F)
    __rt_lib_init_getenv_1                   0x0000014f   Thumb Code     0  libinit2.o(.ARM.Collect$$libinit$$00000023)
    __rt_lib_init_heap_1                     0x0000014f   Thumb Code     0  libinit2.o(.ARM.Collect$$libinit$$0000000A)
    __rt_lib_init_lc_collate_1               0x0000014f   Thumb Code     0  libinit2.o(.ARM.Collect$$libinit$$00000011)
    __rt_lib_init_lc_ctype_1                 0x0000014f   Thumb Code     0  libinit2.o(.ARM.Collect$$libinit$$00000013)
    __rt_lib_init_lc_monetary_1              0x0000014f   Thumb Code     0  libinit2.o(.ARM.Collect$$libinit$$00000015)
    __rt_lib_init_lc_numeric_1               0x0000014f   Thumb Code     0  libinit2.o(.ARM.Collect$$libinit$$00000017)
    __rt_lib_init_lc_time_1                  0x0000014f   Thumb Code     0  libinit2.o(.ARM.Collect$$libinit$$00000019)
    __rt_lib_init_preinit_1                  0x0000014f   Thumb Code     0  libinit2.o(.ARM.Collect$$libinit$$00000004)
    __rt_lib_init_rand_1                     0x0000014f   Thumb Code     0  libinit2.o(.ARM.Collect$$libinit$$0000000E)
    __rt_lib_init_return                     0x0000014f   Thumb Code     0  libinit2.o(.ARM.Collect$$libinit$$00000033)
    __rt_lib_init_signal_1                   0x0000014f   Thumb Code     0  libinit2.o(.ARM.Collect$$libinit$$0000001D)
    __rt_lib_init_stdio_1                    0x0000014f   Thumb Code     0  libinit2.o(.ARM.Collect$$libinit$$00000025)
    __rt_lib_init_user_alloc_1               0x0000014f   Thumb Code     0  libinit2.o(.ARM.Collect$$libinit$$0000000C)
    __rt_lib_shutdown                        0x00000151   Thumb Code     0  libshutdown.o(.ARM.Collect$$libshutdown$$00000000)
    __rt_lib_shutdown_cpp_1                  0x00000153   Thumb Code     0  libshutdown2.o(.ARM.Collect$$libshutdown$$00000002)
    __rt_lib_shutdown_fp_trap_1              0x00000153   Thumb Code     0  libshutdown2.o(.ARM.Collect$$libshutdown$$00000007)
    __rt_lib_shutdown_heap_1                 0x00000153   Thumb Code     0  libshutdown2.o(.ARM.Collect$$libshutdown$$0000000F)
    __rt_lib_shutdown_return                 0x00000153   Thumb Code     0  libshutdown2.o(.ARM.Collect$$libshutdown$$00000010)
    __rt_lib_shutdown_signal_1               0x00000153   Thumb Code     0  libshutdown2.o(.ARM.Collect$$libshutdown$$0000000A)
    __rt_lib_shutdown_stdio_1                0x00000153   Thumb Code     0  libshutdown2.o(.ARM.Collect$$libshutdown$$00000004)
    __rt_lib_shutdown_user_alloc_1           0x00000153   Thumb Code     0  libshutdown2.o(.ARM.Collect$$libshutdown$$0000000C)
    __rt_entry                               0x00000155   Thumb Code     0  __rtentry.o(.ARM.Collect$$rtentry$$00000000)
    __rt_entry_presh_1                       0x00000155   Thumb Code     0  __rtentry2.o(.ARM.Collect$$rtentry$$00000002)
    __rt_entry_sh                            0x00000155   Thumb Code     0  __rtentry4.o(.ARM.Collect$$rtentry$$00000004)
    __rt_entry_li                            0x0000015b   Thumb Code     0  __rtentry2.o(.ARM.Collect$$rtentry$$0000000A)
    __rt_entry_postsh_1                      0x0000015b   Thumb Code     0  __rtentry2.o(.ARM.Collect$$rtentry$$00000009)
    __rt_entry_main                          0x0000015f   Thumb Code     0  __rtentry2.o(.ARM.Collect$$rtentry$$0000000D)
    __rt_entry_postli_1                      0x0000015f   Thumb Code     0  __rtentry2.o(.ARM.Collect$$rtentry$$0000000C)
    __rt_exit                                0x00000167   Thumb Code     0  rtexit.o(.ARM.Collect$$rtexit$$00000000)
    __rt_exit_ls                             0x00000169   Thumb Code     0  rtexit2.o(.ARM.Collect$$rtexit$$00000003)
    __rt_exit_prels_1                        0x00000169   Thumb Code     0  rtexit2.o(.ARM.Collect$$rtexit$$00000002)
    __rt_exit_exit                           0x0000016d   Thumb Code     0  rtexit2.o(.ARM.Collect$$rtexit$$00000004)
    Reset_Handler                            0x00000175   Thumb Code    12  startup_mkl25z4.o(.text)
    NMI_Handler                              0x00000181   Thumb Code     2  startup_mkl25z4.o(.text)
    HardFault_Handler                        0x00000183   Thumb Code     2  startup_mkl25z4.o(.text)
    SVC_Handler                              0x00000185   Thumb Code     2  startup_mkl25z4.o(.text)
    PendSV_Handler                           0x00000187   Thumb Code     2  startup_mkl25z4.o(.text)
    ADC0_IRQHandler                          0x0000018b   Thumb Code     0  startup_mkl25z4.o(.text)
    CMP0_IRQHandler                          0x0000018b   Thumb Code     0  startup_mkl25z4.o(.text)
    DAC0_IRQHandler                          0x0000018b   Thumb Code     0  startup_mkl25z4.o(.text)
    DMA0_IRQHandler                          0x0000018b   Thumb Code     0  startup_mkl25z4.o(.text)
    DMA1_IRQHandler                          0x0000018b   Thumb Code     0  startup_mkl25z4.o(.text)
    DMA2_IRQHandler                          0x0000018b   Thumb Code     0  startup_mkl25z4.o(.text)
    DMA3_IRQHandler                          0x0000018b   Thumb Code     0  startup_mkl25z4.o(.text)
    DefaultISR                               0x0000018b   Thumb Code     0  startup_mkl25z4.o(.text)
    FTFA_IRQHandler                          0x0000018b   Thumb Code     0  startup_mkl25z4.o(.text)
    I2C0_IRQHandler                          0x0000018b   Thumb Code     0  startup_mkl25z4.o(.text)
    I2C1_IRQHandler                          0x0000018b   Thumb Code     0  startup_mkl25z4.o(.text)
    LLWU_IRQHandler                          0x0000018b   Thumb Code     0  startup_mkl25z4.o(.text)
    LPTMR0_IRQHandler                        0x0000018b   Thumb Code     0  startup_mkl25z4.o(.text)
    LVD_LVW_IRQHandler                       0x0000018b   Thumb Code     0  startup_mkl25z4.o(.text)
    MCG_IRQHandler                           0x0000018b   Thumb Code     0  startup_mkl25z4.o(.text)
    PIT_IRQHandler                           0x0000018b   Thumb Code     0  startup_mkl25z4.o(.text)
    PORTA_IRQHandler                         0x0000018b   Thumb Code     0  startup_mkl25z4.o(.text)
    PORTD_IRQHandler                         0x0000018b   Thumb Code     0  startup_mkl25z4.o(.text)
    RTC_IRQHandler                           0x0000018b   Thumb Code     0  startup_mkl25z4.o(.text)
    RTC_Seconds_IRQHandler                   0x0000018b   Thumb Code     0  startup_mkl25z4.o(.text)
    Reserved20_IRQHandler                    0x0000018b   Thumb Code     0  startup_mkl25z4.o(.text)
    Reserved39_IRQHandler                    0x0000018b   Thumb Code     0  startup_mkl25z4.o(.text)
    Reserved45_IRQHandler                    0x0000018b   Thumb Code     0  startup_mkl25z4.o(.text)
    SPI0_IRQHandler                          0x0000018b   Thumb Code     0  startup_mkl25z4.o(.text)
    SPI1_IRQHandler                          0x0000018b   Thumb Code     0  startup_mkl25z4.o(.text)
    TPM0_IRQHandler                          0x0000018b   Thumb Code     0  startup_mkl25z4.o(.text)
    TPM1_IRQHandler                          0x0000018b   Thumb Code     0  startup_mkl25z4.o(.text)
    TPM2_IRQHandler                          0x0000018b   Thumb Code     0  startup_mkl25z4.o(.text)
    TSI0_IRQHandler                          0x0000018b   Thumb Code     0  startup_mkl25z4.o(.text)
    UART0_IRQHandler                         0x0000018b   Thumb Code     0  startup_mkl25z4.o(.text)
    UART1_IRQHandler                         0x0000018b   Thumb Code     0  startup_mkl25z4.o(.text)
    UART2_IRQHandler                         0x0000018b   Thumb Code     0  startup_mkl25z4.o(.text)
    USB0_IRQHandler                          0x0000018b   Thumb Code     0  startup_mkl25z4.o(.text)
    __user_initial_stackheap                 0x00000191   Thumb Code     0  startup_mkl25z4.o(.text)
    __2printf                                0x000001b5   Thumb Code    22  noretval__2printf.o(.text)
    __printf                                 0x000001d1   Thumb Code   108  __printf.o(.text)
    _printf_int_dec                          0x0000023d   Thumb Code    90  _printf_dec.o(.text)
    __use_two_region_memory                  0x000002a9   Thumb Code     2  heapauxi.o(.text)
    __rt_heap_escrow$2region                 0x000002ab   Thumb Code     2  heapauxi.o(.text)
    __rt_heap_expand$2region                 0x000002ad   Thumb Code     2  heapauxi.o(.text)
    __aeabi_d2f                              0x000002b1   Thumb Code     0  d2f.o(.text)
    _d2f                                     0x000002b1   Thumb Code   120  d2f.o(.text)
    __aeabi_d2uiz                            0x0000032d   Thumb Code     0  dfixui.o(.text)
    _dfixu                                   0x0000032d   Thumb Code    68  dfixui.o(.text)
    __aeabi_i2d_normalise                    0x00000375   Thumb Code    66  dflti.o(.text)
    __aeabi_i2d                              0x000003b7   Thumb Code    16  dflti.o(.text)
    _dflt                                    0x000003b7   Thumb Code     0  dflti.o(.text)
    __aeabi_ui2d                             0x000003c7   Thumb Code     6  dflti.o(.text)
    _dfltu                                   0x000003c7   Thumb Code     0  dflti.o(.text)
    __read_errno                             0x000003cd   Thumb Code    10  _rserrno.o(.text)
    __set_errno                              0x000003d7   Thumb Code    12  _rserrno.o(.text)
    __aeabi_errno_addr                       0x000003e5   Thumb Code     8  rt_errno_addr_intlibspace.o(.text)
    __errno$intlibspace                      0x000003e5   Thumb Code     0  rt_errno_addr_intlibspace.o(.text)
    __rt_errno_addr$intlibspace              0x000003e5   Thumb Code     0  rt_errno_addr_intlibspace.o(.text)
    ferror                                   0x000003ed   Thumb Code     8  ferror.o(.text)
    __user_libspace                          0x000003f5   Thumb Code     8  libspace.o(.text)
    __user_perproc_libspace                  0x000003f5   Thumb Code     0  libspace.o(.text)
    __user_perthread_libspace                0x000003f5   Thumb Code     0  libspace.o(.text)
    __I$use$semihosting                      0x000003fd   Thumb Code     0  use_no_semi.o(.text)
    __use_no_semihosting_swi                 0x000003fd   Thumb Code     2  use_no_semi.o(.text)
    __I$use$fp                               0x000003fe   Number         0  usenofp.o(x$fpl$usenofp)
    __semihosting_library_function           0x000003ff   Thumb Code     0  indicate_semi.o(.text)
    __aeabi_ddiv                             0x00000411   Thumb Code     0  ddiv.o(.text)
    _ddiv                                    0x00000411   Thumb Code  1072  ddiv.o(.text)
    _drdiv                                   0x00000841   Thumb Code    20  ddiv.o(.text)
    __aeabi_dmul                             0x00000859   Thumb Code     0  dmul.o(.text)
    _dmul                                    0x00000859   Thumb Code   558  dmul.o(.text)
    __aeabi_f2d                              0x00000aa1   Thumb Code     0  f2d.o(.text)
    _f2d                                     0x00000aa1   Thumb Code    80  f2d.o(.text)
    _printf_int_common                       0x00000af5   Thumb Code   176  _printf_intcommon.o(.text)
    _printf_char_file                        0x00000ba5   Thumb Code    34  _printf_char_file.o(.text)
    __rt_udiv10                              0x00000bcd   Thumb Code    40  rtudiv10.o(.text)
    __aeabi_dadd                             0x00000eed   Thumb Code     0  daddsub.o(.text)
    _dadd                                    0x00000eed   Thumb Code    26  daddsub.o(.text)
    __aeabi_dsub                             0x00000f07   Thumb Code     0  daddsub.o(.text)
    _dsub                                    0x00000f07   Thumb Code    22  daddsub.o(.text)
    __aeabi_drsub                            0x00000f1d   Thumb Code     0  daddsub.o(.text)
    _drsb                                    0x00000f1d   Thumb Code    28  daddsub.o(.text)
    __fpl_dcmp_InfNaN                        0x00000f4d   Thumb Code   140  dcmpin.o(.text)
    _dsqrt                                   0x00000fdd   Thumb Code   248  dsqrt.o(.text)
    _printf_char_common                      0x000010e7   Thumb Code    32  _printf_char_common.o(.text)
    __fpl_cmpreturn                          0x0000110d   Thumb Code    46  cmpret.o(.text)
    __fpl_dcheck_NaN2                        0x0000113d   Thumb Code    14  dnan2.o(.text)
    __ARM_scalbn                             0x00001151   Thumb Code    84  dscalbn.o(.text)
    __user_setup_stackheap                   0x000011b1   Thumb Code    62  sys_stackheap_outer.o(.text)
    exit                                     0x000011ef   Thumb Code    16  exit.o(.text)
    __fpl_return_NaN                         0x000011ff   Thumb Code    94  retnan.o(.text)
    _sys_exit                                0x0000125d   Thumb Code     8  sys_exit.o(.text)
    Control_RGB_LEDs                         0x00001269   Thumb Code    70  leds.o(i.Control_RGB_LEDs)
    Delay                                    0x000012b5   Thumb Code    24  delay.o(i.Delay)
    Init_RGB_LEDs                            0x000012d1   Thumb Code   168  leds.o(i.Init_RGB_LEDs)
    Init_UART0                               0x00001389   Thumb Code   214  uart.o(i.Init_UART0)
    SysTick_Handler                          0x00001475   Thumb Code    96  main.o(i.SysTick_Handler)
    SystemInit                               0x000014e1   Thumb Code   266  system_mkl25z4.o(i.SystemInit)
    UART0_Transmit_Poll_xyz                  0x00001619   Thumb Code    34  uart.o(i.UART0_Transmit_Poll_xyz)
    UART_data_packet                         0x00001641   Thumb Code    98  uart.o(i.UART_data_packet)
    __ARM_fpclassify                         0x000016b5   Thumb Code    40  fpclassify.o(i.__ARM_fpclassify)
    __kernel_poly                            0x00001759   Thumb Code   172  poly.o(i.__kernel_poly)
    __mathlib_dbl_infnan                     0x00001805   Thumb Code    10  dunder.o(i.__mathlib_dbl_infnan)
    __mathlib_dbl_infnan2                    0x0000180f   Thumb Code     8  dunder.o(i.__mathlib_dbl_infnan2)
    __mathlib_dbl_underflow                  0x00001819   Thumb Code    14  dunder.o(i.__mathlib_dbl_underflow)
    atan                                     0x0000182d   Thumb Code   472  atan.o(i.atan)
    atan2                                    0x00001a49   Thumb Code   334  atan2.o(i.atan2)
    convert_xyz_to_roll_pitch                0x00001bc1   Thumb Code   260  mma8451.o(i.convert_xyz_to_roll_pitch)
    fputc                                    0x00001ce9   Thumb Code    32  uart.o(i.fputc)
    i2c_busy                                 0x00001d0d   Thumb Code   264  i2c.o(i.i2c_busy)
    i2c_init                                 0x00001e21   Thumb Code    86  i2c.o(i.i2c_init)
    i2c_read_setup                           0x00001e85   Thumb Code    58  i2c.o(i.i2c_read_setup)
    i2c_repeated_read                        0x00001ec5   Thumb Code    72  i2c.o(i.i2c_repeated_read)
    i2c_start                                0x00001f15   Thumb Code    26  i2c.o(i.i2c_start)
    i2c_wait                                 0x00001f35   Thumb Code    72  i2c.o(i.i2c_wait)
    i2c_write_byte                           0x00001f85   Thumb Code    68  i2c.o(i.i2c_write_byte)
    init_SysTick                             0x00001fcd   Thumb Code    44  main.o(i.init_SysTick)
    init_mma                                 0x00002001   Thumb Code    16  mma8451.o(i.init_mma)
    main                                     0x00002011   Thumb Code   164  main.o(i.main)
    read_full_xyz                            0x0000210d   Thumb Code   136  mma8451.o(i.read_full_xyz)
    sqrt                                     0x000021a1   Thumb Code    66  sqrt.o(i.sqrt)
    __aeabi_cdrcmple                         0x000021e9   Thumb Code     0  drlef.o(x$fpl$drleqf)
    _drcmple                                 0x000021e9   Thumb Code   100  drlef.o(x$fpl$drleqf)
    __aeabi_fadd                             0x00002251   Thumb Code     0  faddsub.o(x$fpl$fadd)
    _fadd                                    0x00002251   Thumb Code   134  faddsub.o(x$fpl$fadd)
    __aeabi_fmul                             0x000022dd   Thumb Code     0  fmul.o(x$fpl$fmul)
    _fmul                                    0x000022dd   Thumb Code   172  fmul.o(x$fpl$fmul)
    __aeabi_fsub                             0x0000238d   Thumb Code     0  faddsub.o(x$fpl$fsub)
    _fsub                                    0x0000238d   Thumb Code   204  faddsub.o(x$fpl$fsub)
    __mathlib_zero                           0x00002578   Data           8  qnan.o(.constdata)
    Region$$Table$$Base                      0x000025e0   Number         0  anon$$obj.o(Region$$Table)
    Region$$Table$$Limit                     0x00002600   Number         0  anon$$obj.o(Region$$Table)
    lock_detect                              0x1ffff000   Data           4  i2c.o(.data)
    i2c_lock                                 0x1ffff004   Data           4  i2c.o(.data)
    switch_Val                               0x1ffff008   Data           4  main.o(.data)
    acc_X                                    0x1ffff00c   Data           2  mma8451.o(.data)
    acc_Y                                    0x1ffff00e   Data           2  mma8451.o(.data)
    acc_Z                                    0x1ffff010   Data           2  mma8451.o(.data)
    xyz_data                                 0x1ffff012   Data           8  mma8451.o(.data)
    roll                                     0x1ffff01c   Data           4  mma8451.o(.data)
    pitch                                    0x1ffff020   Data           4  mma8451.o(.data)
    __stdout                                 0x1ffff024   Data           4  uart.o(.data)
    __stdin                                  0x1ffff028   Data           4  uart.o(.data)
    __libspace_start                         0x1ffff02c   Data          96  libspace.o(.bss)
    __temporary_stack_top$libspace           0x1ffff08c   Data           0  libspace.o(.bss)



==============================================================================

Memory Map of the image

  Image Entry point : 0x000000c1

  Load Region LR_IROM1 (Base: 0x00000000, Size: 0x0000262c, Max: 0x00020000, ABSOLUTE)

    Execution Region ER_IROM1 (Exec base: 0x00000000, Load base: 0x00000000, Size: 0x00002600, Max: 0x00020000, ABSOLUTE)

    Exec Addr    Load Addr    Size         Type   Attr      Idx    E Section Name        Object

    0x00000000   0x00000000   0x000000c0   Data   RO          318    RESET               startup_mkl25z4.o
    0x000000c0   0x000000c0   0x00000008   Code   RO          404  * !!!main             c_p.l(__main.o)
    0x000000c8   0x000000c8   0x0000003c   Code   RO          680    !!!scatter          c_p.l(__scatter.o)
    0x00000104   0x00000104   0x0000001a   Code   RO          682    !!handler_copy      c_p.l(__scatter_copy.o)
    0x0000011e   0x0000011e   0x00000002   PAD
    0x00000120   0x00000120   0x0000001c   Code   RO          684    !!handler_zi        c_p.l(__scatter_zi.o)
    0x0000013c   0x0000013c   0x00000002   Code   RO          397    .ARM.Collect$$_printf_percent$$00000000  c_p.l(_printf_percent.o)
    0x0000013e   0x0000013e   0x0000000a   Code   RO          396    .ARM.Collect$$_printf_percent$$00000009  c_p.l(_printf_d.o)
    0x00000148   0x00000148   0x00000004   Code   RO          456    .ARM.Collect$$_printf_percent$$00000017  c_p.l(_printf_percent_end.o)
    0x0000014c   0x0000014c   0x00000002   Code   RO          550    .ARM.Collect$$libinit$$00000000  c_p.l(libinit.o)
    0x0000014e   0x0000014e   0x00000000   Code   RO          563    .ARM.Collect$$libinit$$00000002  c_p.l(libinit2.o)
    0x0000014e   0x0000014e   0x00000000   Code   RO          565    .ARM.Collect$$libinit$$00000004  c_p.l(libinit2.o)
    0x0000014e   0x0000014e   0x00000000   Code   RO          568    .ARM.Collect$$libinit$$0000000A  c_p.l(libinit2.o)
    0x0000014e   0x0000014e   0x00000000   Code   RO          570    .ARM.Collect$$libinit$$0000000C  c_p.l(libinit2.o)
    0x0000014e   0x0000014e   0x00000000   Code   RO          572    .ARM.Collect$$libinit$$0000000E  c_p.l(libinit2.o)
    0x0000014e   0x0000014e   0x00000000   Code   RO          575    .ARM.Collect$$libinit$$00000011  c_p.l(libinit2.o)
    0x0000014e   0x0000014e   0x00000000   Code   RO          577    .ARM.Collect$$libinit$$00000013  c_p.l(libinit2.o)
    0x0000014e   0x0000014e   0x00000000   Code   RO          579    .ARM.Collect$$libinit$$00000015  c_p.l(libinit2.o)
    0x0000014e   0x0000014e   0x00000000   Code   RO          581    .ARM.Collect$$libinit$$00000017  c_p.l(libinit2.o)
    0x0000014e   0x0000014e   0x00000000   Code   RO          583    .ARM.Collect$$libinit$$00000019  c_p.l(libinit2.o)
    0x0000014e   0x0000014e   0x00000000   Code   RO          585    .ARM.Collect$$libinit$$0000001B  c_p.l(libinit2.o)
    0x0000014e   0x0000014e   0x00000000   Code   RO          587    .ARM.Collect$$libinit$$0000001D  c_p.l(libinit2.o)
    0x0000014e   0x0000014e   0x00000000   Code   RO          589    .ARM.Collect$$libinit$$0000001F  c_p.l(libinit2.o)
    0x0000014e   0x0000014e   0x00000000   Code   RO          591    .ARM.Collect$$libinit$$00000021  c_p.l(libinit2.o)
    0x0000014e   0x0000014e   0x00000000   Code   RO          593    .ARM.Collect$$libinit$$00000023  c_p.l(libinit2.o)
    0x0000014e   0x0000014e   0x00000000   Code   RO          595    .ARM.Collect$$libinit$$00000025  c_p.l(libinit2.o)
    0x0000014e   0x0000014e   0x00000000   Code   RO          599    .ARM.Collect$$libinit$$0000002C  c_p.l(libinit2.o)
    0x0000014e   0x0000014e   0x00000000   Code   RO          601    .ARM.Collect$$libinit$$0000002E  c_p.l(libinit2.o)
    0x0000014e   0x0000014e   0x00000000   Code   RO          603    .ARM.Collect$$libinit$$00000030  c_p.l(libinit2.o)
    0x0000014e   0x0000014e   0x00000000   Code   RO          605    .ARM.Collect$$libinit$$00000032  c_p.l(libinit2.o)
    0x0000014e   0x0000014e   0x00000002   Code   RO          606    .ARM.Collect$$libinit$$00000033  c_p.l(libinit2.o)
    0x00000150   0x00000150   0x00000002   Code   RO          637    .ARM.Collect$$libshutdown$$00000000  c_p.l(libshutdown.o)
    0x00000152   0x00000152   0x00000000   Code   RO          663    .ARM.Collect$$libshutdown$$00000002  c_p.l(libshutdown2.o)
    0x00000152   0x00000152   0x00000000   Code   RO          665    .ARM.Collect$$libshutdown$$00000004  c_p.l(libshutdown2.o)
    0x00000152   0x00000152   0x00000000   Code   RO          668    .ARM.Collect$$libshutdown$$00000007  c_p.l(libshutdown2.o)
    0x00000152   0x00000152   0x00000000   Code   RO          671    .ARM.Collect$$libshutdown$$0000000A  c_p.l(libshutdown2.o)
    0x00000152   0x00000152   0x00000000   Code   RO          673    .ARM.Collect$$libshutdown$$0000000C  c_p.l(libshutdown2.o)
    0x00000152   0x00000152   0x00000000   Code   RO          676    .ARM.Collect$$libshutdown$$0000000F  c_p.l(libshutdown2.o)
    0x00000152   0x00000152   0x00000002   Code   RO          677    .ARM.Collect$$libshutdown$$00000010  c_p.l(libshutdown2.o)
    0x00000154   0x00000154   0x00000000   Code   RO          445    .ARM.Collect$$rtentry$$00000000  c_p.l(__rtentry.o)
    0x00000154   0x00000154   0x00000000   Code   RO          494    .ARM.Collect$$rtentry$$00000002  c_p.l(__rtentry2.o)
    0x00000154   0x00000154   0x00000006   Code   RO          506    .ARM.Collect$$rtentry$$00000004  c_p.l(__rtentry4.o)
    0x0000015a   0x0000015a   0x00000000   Code   RO          496    .ARM.Collect$$rtentry$$00000009  c_p.l(__rtentry2.o)
    0x0000015a   0x0000015a   0x00000004   Code   RO          497    .ARM.Collect$$rtentry$$0000000A  c_p.l(__rtentry2.o)
    0x0000015e   0x0000015e   0x00000000   Code   RO          499    .ARM.Collect$$rtentry$$0000000C  c_p.l(__rtentry2.o)
    0x0000015e   0x0000015e   0x00000008   Code   RO          500    .ARM.Collect$$rtentry$$0000000D  c_p.l(__rtentry2.o)
    0x00000166   0x00000166   0x00000002   Code   RO          554    .ARM.Collect$$rtexit$$00000000  c_p.l(rtexit.o)
    0x00000168   0x00000168   0x00000000   Code   RO          610    .ARM.Collect$$rtexit$$00000002  c_p.l(rtexit2.o)
    0x00000168   0x00000168   0x00000004   Code   RO          611    .ARM.Collect$$rtexit$$00000003  c_p.l(rtexit2.o)
    0x0000016c   0x0000016c   0x00000006   Code   RO          612    .ARM.Collect$$rtexit$$00000004  c_p.l(rtexit2.o)
    0x00000172   0x00000172   0x00000002   PAD
    0x00000174   0x00000174   0x00000040   Code   RO          320    .text               startup_mkl25z4.o
    0x000001b4   0x000001b4   0x0000001c   Code   RO          370    .text               c_p.l(noretval__2printf.o)
    0x000001d0   0x000001d0   0x0000006c   Code   RO          372    .text               c_p.l(__printf.o)
    0x0000023c   0x0000023c   0x0000006c   Code   RO          374    .text               c_p.l(_printf_dec.o)
    0x000002a8   0x000002a8   0x00000006   Code   RO          402    .text               c_p.l(heapauxi.o)
    0x000002ae   0x000002ae   0x00000002   PAD
    0x000002b0   0x000002b0   0x0000007c   Code   RO          406    .text               fz_ps.l(d2f.o)
    0x0000032c   0x0000032c   0x00000048   Code   RO          411    .text               fz_ps.l(dfixui.o)
    0x00000374   0x00000374   0x00000058   Code   RO          413    .text               fz_ps.l(dflti.o)
    0x000003cc   0x000003cc   0x00000016   Code   RO          450    .text               c_p.l(_rserrno.o)
    0x000003e2   0x000003e2   0x00000002   PAD
    0x000003e4   0x000003e4   0x00000008   Code   RO          513    .text               c_p.l(rt_errno_addr_intlibspace.o)
    0x000003ec   0x000003ec   0x00000008   Code   RO          517    .text               c_p.l(ferror.o)
    0x000003f4   0x000003f4   0x00000008   Code   RO          531    .text               c_p.l(libspace.o)
    0x000003fc   0x000003fc   0x00000002   Code   RO          626    .text               c_p.l(use_no_semi.o)
    0x000003fe   0x000003fe   0x00000000   Code   RO          628    .text               c_p.l(indicate_semi.o)
    0x000003fe   0x000003fe   0x00000000   Code   RO          467    x$fpl$usenofp       fz_ps.l(usenofp.o)
    0x000003fe   0x000003fe   0x00000002   PAD
    0x00000400   0x00000400   0x00000010   Code   RO          319    .ARM.__at_0x400     startup_mkl25z4.o
    0x00000410   0x00000410   0x00000448   Code   RO          408    .text               fz_ps.l(ddiv.o)
    0x00000858   0x00000858   0x00000248   Code   RO          415    .text               fz_ps.l(dmul.o)
    0x00000aa0   0x00000aa0   0x00000054   Code   RO          419    .text               fz_ps.l(f2d.o)
    0x00000af4   0x00000af4   0x000000b0   Code   RO          452    .text               c_p.l(_printf_intcommon.o)
    0x00000ba4   0x00000ba4   0x00000028   Code   RO          454    .text               c_p.l(_printf_char_file.o)
    0x00000bcc   0x00000bcc   0x00000028   Code   RO          457    .text               c_p.l(rtudiv10.o)
    0x00000bf4   0x00000bf4   0x00000358   Code   RO          459    .text               fz_ps.l(daddsub.o)
    0x00000f4c   0x00000f4c   0x00000090   Code   RO          461    .text               fz_ps.l(dcmpin.o)
    0x00000fdc   0x00000fdc   0x00000100   Code   RO          465    .text               fz_ps.l(dsqrt.o)
    0x000010dc   0x000010dc   0x00000030   Code   RO          515    .text               c_p.l(_printf_char_common.o)
    0x0000110c   0x0000110c   0x0000002e   Code   RO          521    .text               fz_ps.l(cmpret.o)
    0x0000113a   0x0000113a   0x00000002   PAD
    0x0000113c   0x0000113c   0x00000014   Code   RO          523    .text               fz_ps.l(dnan2.o)
    0x00001150   0x00001150   0x00000060   Code   RO          525    .text               fz_ps.l(dscalbn.o)
    0x000011b0   0x000011b0   0x0000003e   Code   RO          534    .text               c_p.l(sys_stackheap_outer.o)
    0x000011ee   0x000011ee   0x00000010   Code   RO          539    .text               c_p.l(exit.o)
    0x000011fe   0x000011fe   0x0000005e   Code   RO          551    .text               fz_ps.l(retnan.o)
    0x0000125c   0x0000125c   0x0000000c   Code   RO          607    .text               c_p.l(sys_exit.o)
    0x00001268   0x00001268   0x0000004c   Code   RO          116    i.Control_RGB_LEDs  leds.o
    0x000012b4   0x000012b4   0x0000001c   Code   RO            3    i.Delay             delay.o
    0x000012d0   0x000012d0   0x000000b8   Code   RO          117    i.Init_RGB_LEDs     leds.o
    0x00001388   0x00001388   0x000000ec   Code   RO          255    i.Init_UART0        uart.o
    0x00001474   0x00001474   0x0000006c   Code   RO          148    i.SysTick_Handler   main.o
    0x000014e0   0x000014e0   0x00000138   Code   RO          329    i.SystemInit        system_mkl25z4.o
    0x00001618   0x00001618   0x00000028   Code   RO          258    i.UART0_Transmit_Poll_xyz  uart.o
    0x00001640   0x00001640   0x00000074   Code   RO          259    i.UART_data_packet  uart.o
    0x000016b4   0x000016b4   0x0000002c   Code   RO          527    i.__ARM_fpclassify  m_ps.l(fpclassify.o)
    0x000016e0   0x000016e0   0x00000078   Code   RO          149    i.__NVIC_SetPriority  main.o
    0x00001758   0x00001758   0x000000ac   Code   RO          529    i.__kernel_poly     m_ps.l(poly.o)
    0x00001804   0x00001804   0x0000000a   Code   RO          479    i.__mathlib_dbl_infnan  m_ps.l(dunder.o)
    0x0000180e   0x0000180e   0x00000008   Code   RO          480    i.__mathlib_dbl_infnan2  m_ps.l(dunder.o)
    0x00001816   0x00001816   0x00000002   PAD
    0x00001818   0x00001818   0x00000014   Code   RO          484    i.__mathlib_dbl_underflow  m_ps.l(dunder.o)
    0x0000182c   0x0000182c   0x0000021c   Code   RO          469    i.atan              m_ps.l(atan.o)
    0x00001a48   0x00001a48   0x00000178   Code   RO          430    i.atan2             m_ps.l(atan2.o)
    0x00001bc0   0x00001bc0   0x00000128   Code   RO          210    i.convert_xyz_to_roll_pitch  mma8451.o
    0x00001ce8   0x00001ce8   0x00000024   Code   RO          261    i.fputc             uart.o
    0x00001d0c   0x00001d0c   0x00000114   Code   RO           48    i.i2c_busy          i2c.o
    0x00001e20   0x00001e20   0x00000064   Code   RO           49    i.i2c_init          i2c.o
    0x00001e84   0x00001e84   0x00000040   Code   RO           51    i.i2c_read_setup    i2c.o
    0x00001ec4   0x00001ec4   0x00000050   Code   RO           52    i.i2c_repeated_read  i2c.o
    0x00001f14   0x00001f14   0x00000020   Code   RO           53    i.i2c_start         i2c.o
    0x00001f34   0x00001f34   0x00000050   Code   RO           54    i.i2c_wait          i2c.o
    0x00001f84   0x00001f84   0x00000048   Code   RO           55    i.i2c_write_byte    i2c.o
    0x00001fcc   0x00001fcc   0x00000034   Code   RO          150    i.init_SysTick      main.o
    0x00002000   0x00002000   0x00000010   Code   RO          211    i.init_mma          mma8451.o
    0x00002010   0x00002010   0x000000fc   Code   RO          151    i.main              main.o
    0x0000210c   0x0000210c   0x00000094   Code   RO          212    i.read_full_xyz     mma8451.o
    0x000021a0   0x000021a0   0x00000048   Code   RO          438    i.sqrt              m_ps.l(sqrt.o)
    0x000021e8   0x000021e8   0x00000068   Code   RO          417    x$fpl$drleqf        fz_ps.l(drlef.o)
    0x00002250   0x00002250   0x0000008c   Code   RO          421    x$fpl$fadd          fz_ps.l(faddsub.o)
    0x000022dc   0x000022dc   0x000000b0   Code   RO          427    x$fpl$fmul          fz_ps.l(fmul.o)
    0x0000238c   0x0000238c   0x000000d0   Code   RO          423    x$fpl$fsub          fz_ps.l(faddsub.o)
    0x0000245c   0x0000245c   0x00000080   Data   RO          409    .constdata          fz_ps.l(ddiv.o)
    0x000024dc   0x000024dc   0x00000004   PAD
    0x000024e0   0x000024e0   0x00000098   Data   RO          470    .constdata          m_ps.l(atan.o)
    0x00002578   0x00002578   0x00000008   Data   RO          492    .constdata          m_ps.l(qnan.o)
    0x00002580   0x00002580   0x0000005e   Data   RO          152    .conststring        main.o
    0x000025de   0x000025de   0x00000002   PAD
    0x000025e0   0x000025e0   0x00000020   Data   RO          678    Region$$Table       anon$$obj.o


    Execution Region RW_IRAM1 (Exec base: 0x1ffff000, Load base: 0x00002600, Size: 0x00000190, Max: 0x00004000, ABSOLUTE)

    Exec Addr    Load Addr    Size         Type   Attr      Idx    E Section Name        Object

    0x1ffff000   0x00002600   0x00000008   Data   RW           56    .data               i2c.o
    0x1ffff008   0x00002608   0x00000004   Data   RW          153    .data               main.o
    0x1ffff00c   0x0000260c   0x00000018   Data   RW          214    .data               mma8451.o
    0x1ffff024   0x00002624   0x00000008   Data   RW          262    .data               uart.o
    0x1ffff02c        -       0x00000060   Zero   RW          532    .bss                c_p.l(libspace.o)
    0x1ffff08c   0x0000262c   0x00000004   PAD
    0x1ffff090        -       0x00000000   Zero   RW          317    HEAP                startup_mkl25z4.o
    0x1ffff090        -       0x00000100   Zero   RW          316    STACK               startup_mkl25z4.o


==============================================================================

Image component sizes


      Code (inc. data)   RO Data    RW Data    ZI Data      Debug   Object Name

        28          4          0          0          0     216944   delay.o
       704         58          0          8          0       3890   i2c.o
       260         22          0          0          0       1083   leds.o
       532        118         94          4          0      10401   main.o
       460         48          0         24          0       2580   mma8451.o
        80         44        192          0        256        964   startup_mkl25z4.o
       312         46          0          0          0        621   system_mkl25z4.o
       428         50          0          8          0       3928   uart.o

    ----------------------------------------------------------------------
      2804        390        320         44        256     240411   Object Totals
         0          0         32          0          0          0   (incl. Generated)
         0          0          2          0          0          0   (incl. Padding)

    ----------------------------------------------------------------------

      Code (inc. data)   RO Data    RW Data    ZI Data      Debug   Library Member Name

         8          0          0          0          0         68   __main.o
       108          0          0          0          0         76   __printf.o
         0          0          0          0          0          0   __rtentry.o
        12          0          0          0          0          0   __rtentry2.o
         6          0          0          0          0          0   __rtentry4.o
        60          8          0          0          0          0   __scatter.o
        26          0          0          0          0          0   __scatter_copy.o
        28          0          0          0          0          0   __scatter_zi.o
        48          6          0          0          0         88   _printf_char_common.o
        40          6          0          0          0         72   _printf_char_file.o
        10          0          0          0          0          0   _printf_d.o
       108         18          0          0          0         76   _printf_dec.o
       176          0          0          0          0         84   _printf_intcommon.o
         2          0          0          0          0          0   _printf_percent.o
         4          0          0          0          0          0   _printf_percent_end.o
        22          0          0          0          0         92   _rserrno.o
        16          0          0          0          0         68   exit.o
         8          0          0          0          0         60   ferror.o
         6          0          0          0          0        136   heapauxi.o
         0          0          0          0          0          0   indicate_semi.o
         2          0          0          0          0          0   libinit.o
         2          0          0          0          0          0   libinit2.o
         2          0          0          0          0          0   libshutdown.o
         2          0          0          0          0          0   libshutdown2.o
         8          4          0          0         96         68   libspace.o
        28          6          0          0          0         84   noretval__2printf.o
         8          4          0          0          0         68   rt_errno_addr_intlibspace.o
         2          0          0          0          0          0   rtexit.o
        10          0          0          0          0          0   rtexit2.o
        40          0          0          0          0         60   rtudiv10.o
        12          4          0          0          0         60   sys_exit.o
        62          0          0          0          0         80   sys_stackheap_outer.o
         2          0          0          0          0         68   use_no_semi.o
        46          0          0          0          0         60   cmpret.o
       124          4          0          0          0         72   d2f.o
       856         20          0          0          0        208   daddsub.o
       144          4          0          0          0         76   dcmpin.o
      1096         26        128          0          0        112   ddiv.o
        72          4          0          0          0         68   dfixui.o
        88          0          0          0          0         92   dflti.o
       584         26          0          0          0         84   dmul.o
        20          6          0          0          0         68   dnan2.o
       104          4          0          0          0        104   drlef.o
        96         12          0          0          0         72   dscalbn.o
       256          8          0          0          0         76   dsqrt.o
        84          4          0          0          0         60   f2d.o
       348          8          0          0          0        160   faddsub.o
       176          4          0          0          0         80   fmul.o
        94          0          0          0          0         68   retnan.o
         0          0          0          0          0          0   usenofp.o
       540         68        152          0          0        112   atan.o
       376         42          0          0          0        144   atan2.o
        38          6          0          0          0        204   dunder.o
        44          4          0          0          0         60   fpclassify.o
       172          0          0          0          0         76   poly.o
         0          0          8          0          0          0   qnan.o
        72          6          0          0          0         76   sqrt.o

    ----------------------------------------------------------------------
      6312        312        292          0        100       3440   Library Totals
        14          0          4          0          4          0   (incl. Padding)

    ----------------------------------------------------------------------

      Code (inc. data)   RO Data    RW Data    ZI Data      Debug   Library Name

       868         56          0          0         96       1308   c_p.l
      4188        130        128          0          0       1460   fz_ps.l
      1242        126        160          0          0        672   m_ps.l

    ----------------------------------------------------------------------
      6312        312        292          0        100       3440   Library Totals

    ----------------------------------------------------------------------

==============================================================================


      Code (inc. data)   RO Data    RW Data    ZI Data      Debug   

      9116        702        612         44        356     241299   Grand Totals
      9116        702        612         44        356     241299   ELF Image Totals
      9116        702        612         44          0          0   ROM Totals

==============================================================================

    Total RO  Size (Code + RO Data)                 9728 (   9.50kB)
    Total RW  Size (RW Data + ZI Data)               400 (   0.39kB)
    Total ROM Size (Code + RO Data + RW Data)       9772 (   9.54kB)

==============================================================================

